Component: ARM Compiler 5.06 update 6 (build 750) Tool: armlink [4d35ed]

==============================================================================

Section Cross References

    main.o(.text) refers to delay.o(.text) for delay_init
    main.o(.text) refers to misc.o(.text) for NVIC_PriorityGroupConfig
    main.o(.text) refers to led.o(.text) for LED_Init
    main.o(.text) refers to key.o(.text) for KEY_Init
    main.o(.text) refers to oled.o(.text) for OLED_Init
    main.o(.text) refers to usart1.o(.text) for usart1_init
    main.o(.text) refers to usart1.o(.data) for USART1_RX_STA
    main.o(.text) refers to usart1.o(.bss) for USART1_RX_BUF
    system_stm32f10x.o(.text) refers to system_stm32f10x.o(.data) for SystemCoreClock
    led.o(.text) refers to stm32f10x_rcc.o(.text) for RCC_APB2PeriphClockCmd
    led.o(.text) refers to stm32f10x_gpio.o(.text) for GPIO_Init
    key.o(.text) refers to stm32f10x_rcc.o(.text) for RCC_APB2PeriphClockCmd
    key.o(.text) refers to stm32f10x_gpio.o(.text) for GPIO_Init
    key.o(.text) refers to delay.o(.text) for delay_ms
    key.o(.text) refers to key.o(.data) for key_up
    oled.o(.text) refers to stm32f10x_rcc.o(.text) for RCC_APB2PeriphClockCmd
    oled.o(.text) refers to stm32f10x_gpio.o(.text) for GPIO_Init
    oled.o(.text) refers to delay.o(.text) for delay_ms
    oled.o(.text) refers to oled.o(.bss) for OLED_GRAM
    oled.o(.text) refers to oled.o(.constdata) for asc2_1206
    timer.o(.text) refers to stm32f10x_rcc.o(.text) for RCC_APB1PeriphClockCmd
    timer.o(.text) refers to stm32f10x_tim.o(.text) for TIM_TimeBaseInit
    timer.o(.text) refers to misc.o(.text) for NVIC_Init
    timer.o(.text) refers to usart1.o(.data) for USART1_RX_STA
    beep.o(.text) refers to stm32f10x_rcc.o(.text) for RCC_APB2PeriphClockCmd
    beep.o(.text) refers to stm32f10x_gpio.o(.text) for GPIO_Init
    ctrl.o(.text) refers to key.o(.text) for KEY_Scan
    ds18b20.o(.text) refers to delay.o(.text) for delay_us
    ds18b20.o(.text) refers to stm32f10x_rcc.o(.text) for RCC_APB2PeriphClockCmd
    ds18b20.o(.text) refers to stm32f10x_gpio.o(.text) for GPIO_Init
    ds18b20.o(.text) refers to fflt_clz.o(x$fpl$fflt) for __aeabi_i2f
    ds18b20.o(.text) refers to f2d.o(x$fpl$f2d) for __aeabi_f2d
    ds18b20.o(.text) refers to dmul.o(x$fpl$dmul) for __aeabi_dmul
    ds18b20.o(.text) refers to dfix.o(x$fpl$dfix) for __aeabi_d2iz
    servomotor.o(.text) refers to stm32f10x_rcc.o(.text) for RCC_APB1PeriphClockCmd
    servomotor.o(.text) refers to stm32f10x_gpio.o(.text) for GPIO_Init
    servomotor.o(.text) refers to stm32f10x_tim.o(.text) for TIM_TimeBaseInit
    usart1.o(.text) refers to stm32f10x_usart.o(.text) for USART_GetITStatus
    usart1.o(.text) refers to stm32f10x_tim.o(.text) for TIM_SetCounter
    usart1.o(.text) refers to stm32f10x_rcc.o(.text) for RCC_APB2PeriphClockCmd
    usart1.o(.text) refers to stm32f10x_gpio.o(.text) for GPIO_Init
    usart1.o(.text) refers to misc.o(.text) for NVIC_Init
    usart1.o(.text) refers to timer.o(.text) for TIM4_Int_Init
    usart1.o(.text) refers to c89vsprintf.o(.text) for __c89vsprintf
    usart1.o(.text) refers to strlen.o(.text) for strlen
    usart1.o(.text) refers to usart1.o(.data) for USART1_RX_STA
    usart1.o(.text) refers to usart1.o(.bss) for USART1_RX_BUF
    motor.o(.text) refers to stm32f10x_rcc.o(.text) for RCC_APB2PeriphClockCmd
    motor.o(.text) refers to stm32f10x_gpio.o(.text) for GPIO_Init
    motor.o(.text) refers to stm32f10x_tim.o(.text) for TIM_TimeBaseInit
    delay.o(.text) refers to misc.o(.text) for SysTick_CLKSourceConfig
    delay.o(.text) refers to system_stm32f10x.o(.data) for SystemCoreClock
    delay.o(.text) refers to delay.o(.data) for fac_us
    startup_stm32f10x_hd.o(STACK) refers (Special) to heapauxi.o(.text) for __use_two_region_memory
    startup_stm32f10x_hd.o(HEAP) refers (Special) to heapauxi.o(.text) for __use_two_region_memory
    startup_stm32f10x_hd.o(RESET) refers (Special) to heapauxi.o(.text) for __use_two_region_memory
    startup_stm32f10x_hd.o(RESET) refers to startup_stm32f10x_hd.o(STACK) for __initial_sp
    startup_stm32f10x_hd.o(RESET) refers to startup_stm32f10x_hd.o(.text) for Reset_Handler
    startup_stm32f10x_hd.o(RESET) refers to stm32f10x_it.o(.text) for NMI_Handler
    startup_stm32f10x_hd.o(RESET) refers to timer.o(.text) for TIM4_IRQHandler
    startup_stm32f10x_hd.o(RESET) refers to usart1.o(.text) for USART1_IRQHandler
    startup_stm32f10x_hd.o(.text) refers (Special) to heapauxi.o(.text) for __use_two_region_memory
    startup_stm32f10x_hd.o(.text) refers to system_stm32f10x.o(.text) for SystemInit
    startup_stm32f10x_hd.o(.text) refers to __main.o(!!!main) for __main
    startup_stm32f10x_hd.o(.text) refers to startup_stm32f10x_hd.o(HEAP) for Heap_Mem
    startup_stm32f10x_hd.o(.text) refers to startup_stm32f10x_hd.o(STACK) for Stack_Mem
    stm32f10x_gpio.o(.text) refers to stm32f10x_rcc.o(.text) for RCC_APB2PeriphResetCmd
[...]
    .ARM.Collect$$_printf_percent$$00000000  0x080001a4   Section        0  _printf_percent.o(.ARM.Collect$$_printf_percent$$00000000)
    .ARM.Collect$$_printf_percent$$00000001  0x080001a4   Section        6  _printf_n.o(.ARM.Collect$$_printf_percent$$00000001)
    .ARM.Collect$$_printf_percent$$00000002  0x080001aa   Section        6  _printf_p.o(.ARM.Collect$$_printf_percent$$00000002)
    .ARM.Collect$$_printf_percent$$00000003  0x080001b0   Section        6  _printf_f.o(.ARM.Collect$$_printf_percent$$00000003)
    .ARM.Collect$$_printf_percent$$00000004  0x080001b6   Section        6  _printf_e.o(.ARM.Collect$$_printf_percent$$00000004)
    .ARM.Collect$$_printf_percent$$00000005  0x080001bc   Section        6  _printf_g.o(.ARM.Collect$$_printf_percent$$00000005)
    .ARM.Collect$$_printf_percent$$00000006  0x080001c2   Section        6  _printf_a.o(.ARM.Collect$$_printf_percent$$00000006)
    .ARM.Collect$$_printf_percent$$00000007  0x080001c8   Section       10  _printf_ll.o(.ARM.Collect$$_printf_percent$$00000007)
    .ARM.Collect$$_printf_percent$$00000008  0x080001d2   Section        6  _printf_i.o(.ARM.Collect$$_printf_percent$$00000008)
    .ARM.Collect$$_printf_percent$$00000009  0x080001d8   Section        6  _printf_d.o(.ARM.Collect$$_printf_percent$$00000009)
    .ARM.Collect$$_printf_percent$$0000000A  0x080001de   Section        6  _printf_u.o(.ARM.Collect$$_printf_percent$$0000000A)
    .ARM.Collect$$_printf_percent$$0000000B  0x080001e4   Section        6  _printf_o.o(.ARM.Collect$$_printf_percent$$0000000B)
    .ARM.Collect$$_printf_percent$$0000000C  0x080001ea   Section        6  _printf_x.o(.ARM.Collect$$_printf_percent$$0000000C)
    .ARM.Collect$$_printf_percent$$0000000D  0x080001f0   Section        6  _printf_lli.o(.ARM.Collect$$_printf_percent$$0000000D)
    .ARM.Collect$$_printf_percent$$0000000E  0x080001f6   Section        6  _printf_lld.o(.ARM.Collect$$_printf_percent$$0000000E)
    .ARM.Collect$$_printf_percent$$0000000F  0x080001fc   Section        6  _printf_llu.o(.ARM.Collect$$_printf_percent$$0000000F)
    .ARM.Collect$$_printf_percent$$00000010  0x08000202   Section        6  _printf_llo.o(.ARM.Collect$$_printf_percent$$00000010)
    .ARM.Collect$$_printf_percent$$00000011  0x08000208   Section        6  _printf_llx.o(.ARM.Collect$$_printf_percent$$00000011)
    .ARM.Collect$$_printf_percent$$00000012  0x0800020e   Section       10  _printf_l.o(.ARM.Collect$$_printf_percent$$00000012)
    .ARM.Collect$$_printf_percent$$00000013  0x08000218   Section        6  _printf_c.o(.ARM.Collect$$_printf_percent$$00000013)
    .ARM.Collect$$_printf_percent$$00000014  0x0800021e   Section        6  _printf_s.o(.ARM.Collect$$_printf_percent$$00000014)
    .ARM.Collect$$_printf_percent$$00000015  0x08000224   Section        6  _printf_lc.o(.ARM.Collect$$_printf_percent$$00000015)
    .ARM.Collect$$_printf_percent$$00000016  0x0800022a   Section        6  _printf_ls.o(.ARM.Collect$$_printf_percent$$00000016)
    .ARM.Collect$$_printf_percent$$00000017  0x08000230   Section        4  _printf_percent_end.o(.ARM.Collect$$_printf_percent$$00000017)
    .ARM.Collect$$libinit$$00000000          0x08000234   Section        2  libinit.o(.ARM.Collect$$libinit$$00000000)
    .ARM.Collect$$libinit$$00000002          0x08000236   Section        0  libinit2.o(.ARM.Collect$$libinit$$00000002)
    .ARM.Collect$$libinit$$00000004          0x08000236   Section        0  libinit2.o(.ARM.Collect$$libinit$$00000004)
    .ARM.Collect$$libinit$$0000000A          0x08000236   Section        0  libinit2.o(.ARM.Collect$$libinit$$0000000A)
    .ARM.Collect$$libinit$$0000000C          0x08000236   Section        0  libinit2.o(.ARM.Collect$$libinit$$0000000C)
    .ARM.Collect$$libinit$$0000000E          0x08000236   Section        0  libinit2.o(.ARM.Collect$$libinit$$0000000E)
    .ARM.Collect$$libinit$$0000000F          0x08000236   Section        6  libinit2.o(.ARM.Collect$$libinit$$0000000F)
    .ARM.Collect$$libinit$$00000011          0x0800023c   Section        0  libinit2.o(.ARM.Collect$$libinit$$00000011)
    .ARM.Collect$$libinit$$00000012          0x0800023c   Section       12  libinit2.o(.ARM.Collect$$libinit$$00000012)
    .ARM.Collect$$libinit$$00000013          0x08000248   Section        0  libinit2.o(.ARM.Collect$$libinit$$00000013)
    .ARM.Collect$$libinit$$00000015          0x08000248   Section        0  libinit2.o(.ARM.Collect$$libinit$$00000015)
    .ARM.Collect$$libinit$$00000016          0x08000248   Section       10  libinit2.o(.ARM.Collect$$libinit$$00000016)
    .ARM.Collect$$libinit$$00000017          0x08000252   Section        0  libinit2.o(.ARM.Collect$$libinit$$00000017)
    .ARM.Collect$$libinit$$00000019          0x08000252   Section        0  libinit2.o(.ARM.Collect$$libinit$$00000019)
    .ARM.Collect$$libinit$$0000001B          0x08000252   Section        0  libinit2.o(.ARM.Collect$$libinit$$0000001B)
    .ARM.Collect$$libinit$$0000001D          0x08000252   Section        0  libinit2.o(.ARM.Collect$$libinit$$0000001D)
    .ARM.Collect$$libinit$$0000001F          0x08000252   Section        0  libinit2.o(.ARM.Collect$$libinit$$0000001F)
    .ARM.Collect$$libinit$$00000021          0x08000252   Section        0  libinit2.o(.ARM.Collect$$libinit$$00000021)
    .ARM.Collect$$libinit$$00000023          0x08000252   Section        0  libinit2.o(.ARM.Collect$$libinit$$00000023)
    .ARM.Collect$$libinit$$00000025          0x08000252   Section        0  libinit2.o(.ARM.Collect$$libinit$$00000025)
    .ARM.Collect$$libinit$$0000002C          0x08000252   Section        0  libinit2.o(.ARM.Collect$$libinit$$0000002C)
    .ARM.Collect$$libinit$$0000002E          0x08000252   Section        0  libinit2.o(.ARM.Collect$$libinit$$0000002E)
    .ARM.Collect$$libinit$$00000030          0x08000252   Section        0  libinit2.o(.ARM.Collect$$libinit$$00000030)
    .ARM.Collect$$libinit$$00000032          0x08000252   Section        0  libinit2.o(.ARM.Collect$$libinit$$00000032)
    .ARM.Collect$$libinit$$00000033          0x08000252   Section        2  libinit2.o(.ARM.Collect$$libinit$$00000033)
    .ARM.Collect$$libshutdown$$00000000      0x08000254   Section        2  libshutdown.o(.ARM.Collect$$libshutdown$$00000000)
    .ARM.Collect$$libshutdown$$00000002      0x08000256   Section        0  libshutdown2.o(.ARM.Collect$$libshutdown$$00000002)
    .ARM.Collect$$libshutdown$$00000004      0x08000256   Section        0  libshutdown2.o(.ARM.Collect$$libshutdown$$00000004)
    .ARM.Collect$$libshutdown$$00000007      0x08000256   Section        0  libshutdown2.o(.ARM.Collect$$libshutdown$$00000007)
    .ARM.Collect$$libshutdown$$0000000A      0x08000256   Section        0  libshutdown2.o(.ARM.Collect$$libshutdown$$0000000A)
    .ARM.Collect$$libshutdown$$0000000C      0x08000256   Section        0  libshutdown2.o(.ARM.Collect$$libshutdown$$0000000C)
    .ARM.Collect$$libshutdown$$0000000F      0x08000256   Section        0  libshutdown2.o(.ARM.Collect$$libshutdown$$0000000F)
    .ARM.Collect$$libshutdown$$00000010      0x08000256   Section        2  libshutdown2.o(.ARM.Collect$$libshutdown$$00000010)
    .ARM.Collect$$rtentry$$00000000          0x08000258   Section        0  __rtentry.o(.ARM.Collect$$rtentry$$00000000)
    .ARM.Collect$$rtentry$$00000002          0x08000258   Section        0  __rtentry2.o(.ARM.Collect$$rtentry$$00000002)
    .ARM.Collect$$rtentry$$00000004          0x08000258   Section        6  __rtentry4.o(.ARM.Collect$$rtentry$$00000004)
    .ARM.Collect$$rtentry$$00000009          0x0800025e   Section        0  __rtentry2.o(.ARM.Collect$$rtentry$$00000009)
    .ARM.Collect$$rtentry$$0000000A          0x0800025e   Section        4  __rtentry2.o(.ARM.Collect$$rtentry$$0000000A)
    .ARM.Collect$$rtentry$$0000000C          0x08000262   Section        0  __rtentry2.o(.ARM.Collect$$rtentry$$0000000C)
    .ARM.Collect$$rtentry$$0000000D          0x08000262   Section        8  __rtentry2.o(.ARM.Collect$$rtentry$$0000000D)
    .ARM.Collect$$rtexit$$00000000           0x0800026a   Section        2  rtexit.o(.ARM.Collect$$rtexit$$00000000)
    .ARM.Collect$$rtexit$$00000002           0x0800026c   Section        0  rtexit2.o(.ARM.Collect$$rtexit$$00000002)
    .ARM.Collect$$rtexit$$00000003           0x0800026c   Section        4  rtexit2.o(.ARM.Collect$$rtexit$$00000003)
    .ARM.Collect$$rtexit$$00000004           0x08000270   Section        6  rtexit2.o(.ARM.Collect$$rtexit$$00000004)
    .text                                    0x08000278   Section        0  main.o(.text)
    .text                                    0x08000364   Section        0  stm32f10x_it.o(.text)
    .text                                    0x08000380   Section        0  system_stm32f10x.o(.text)
    SetSysClockTo72                          0x08000381   Thumb Code   214  system_stm32f10x.o(.text)
    SetSysClock                              0x08000457   Thumb Code     8  system_stm32f10x.o(.text)
    .text                                    0x08000560   Section        0  led.o(.text)
    .text                                    0x080005ac   Section        0  key.o(.text)
    .text                                    0x080006a0   Section        0  oled.o(.text)
    .text                                    0x08000d18   Section        0  timer.o(.text)
    .text                                    0x08000da4   Section        0  usart1.o(.text)
    .text                                    0x08000f20   Section        0  delay.o(.text)
    .text                                    0x08000ff4   Section       64  startup_stm32f10x_hd.o(.text)
    .text                                    0x08001034   Section        0  misc.o(.text)
    .text                                    0x08001110   Section        0  stm32f10x_gpio.o(.text)
    .text                                    0x0800146c   Section        0  stm32f10x_rcc.o(.text)
    .text                                    0x08001810   Section        0  stm32f10x_usart.o(.text)
    .text                                    0x08001c18   Section        0  stm32f10x_tim.o(.text)
    TI4_Config                               0x080020bf   Thumb Code   130  stm32f10x_tim.o(.text)
    TI3_Config                               0x08002153   Thumb Code   122  stm32f10x_tim.o(.text)
    TI2_Config                               0x080021e7   Thumb Code   130  stm32f10x_tim.o(.text)
    TI1_Config                               0x0800227b   Thumb Code   108  stm32f10x_tim.o(.text)
    .text                                    0x08002a34   Section        0  c89vsprintf.o(.text)
    .text                                    0x08002a58   Section        0  strlen.o(.text)
    .text                                    0x08002a96   Section        0  heapauxi.o(.text)
    .text                                    0x08002a9c   Section        0  _printf_pad.o(.text)
    .text                                    0x08002aea   Section        0  _printf_truncate.o(.text)
    .text                                    0x08002b0e   Section        0  _printf_str.o(.text)
    .text                                    0x08002b60   Section        0  _printf_dec.o(.text)
    .text                                    0x08002bd8   Section        0  _printf_charcount.o(.text)
    .text                                    0x08002c00   Section        0  _printf_char_common.o(.text)
    _printf_input_char                       0x08002c01   Thumb Code    10  _printf_char_common.o(.text)
    .text                                    0x08002c30   Section        0  _sputc.o(.text)
    .text                                    0x08002c3c   Section        0  _printf_wctomb.o(.text)
    .text                                    0x08002cf8   Section        0  _printf_longlong_dec.o(.text)
    .text                                    0x08002d74   Section        0  _printf_oct_int_ll.o(.text)
    _printf_longlong_oct_internal            0x08002d75   Thumb Code     0  _printf_oct_int_ll.o(.text)
    .text                                    0x08002de4   Section        0  _printf_hex_int_ll_ptr.o(.text)
    _printf_hex_common                       0x08002de5   Thumb Code     0  _printf_hex_int_ll_ptr.o(.text)
    .text                                    0x08002e78   Section        0  __printf_flags_ss_wp.o(.text)
    .text                                    0x08003000   Section      138  lludiv10.o(.text)
    .text                                    0x0800308a   Section        0  _printf_intcommon.o(.text)
    .text                                    0x0800313c   Section        0  _printf_fp_dec.o(.text)
    _fp_digits                               0x0800313f   Thumb Code   432  _printf_fp_dec.o(.text)
    .text                                    0x0800355a   Section        0  _printf_char.o(.text)
    .text                                    0x08003586   Section        0  _printf_wchar.o(.text)
    .text                                    0x080035b2   Section        0  _wcrtomb.o(.text)
    .text                                    0x080035f2   Section       74  sys_stackheap_outer.o(.text)
    .text                                    0x0800363c   Section       16  rt_ctype_table.o(.text)
    .text                                    0x0800364c   Section        8  rt_locale_intlibspace.o(.text)
    .text                                    0x08003654   Section        0  _printf_fp_infnan.o(.text)
    .text                                    0x080036d4   Section        0  bigflt0.o(.text)
    .text                                    0x080037b8   Section        0  exit.o(.text)
    .text                                    0x080037cc   Section        8  libspace.o(.text)
    .text                                    0x080037d4   Section      128  strcmpv7m.o(.text)
    .text                                    0x08003854   Section        0  sys_exit.o(.text)
    .text                                    0x08003860   Section        2  use_no_semi.o(.text)
    .text                                    0x08003862   Section        0  indicate_semi.o(.text)
    CL$$btod_d2e                             0x08003862   Section       62  btod.o(CL$$btod_d2e)
    CL$$btod_d2e_denorm_low                  0x080038a0   Section       70  btod.o(CL$$btod_d2e_denorm_low)
    CL$$btod_d2e_norm_op1                    0x080038e6   Section       96  btod.o(CL$$btod_d2e_norm_op1)
    CL$$btod_div_common                      0x08003946   Section      824  btod.o(CL$$btod_div_common)
    CL$$btod_e2e                             0x08003c7e   Section      220  btod.o(CL$$btod_e2e)
    CL$$btod_ediv                            0x08003d5a   Section       42  btod.o(CL$$btod_ediv)
    CL$$btod_emul                            0x08003d84   Section       42  btod.o(CL$$btod_emul)
    CL$$btod_mult_common                     0x08003dae   Section      580  btod.o(CL$$btod_mult_common)
    i.__ARM_fpclassify                       0x08003ff2   Section        0  fpclassify.o(i.__ARM_fpclassify)
    i._is_digit                              0x0800401a   Section        0  __printf_wp.o(i._is_digit)
    locale$$code                             0x08004028   Section       44  lc_numeric_c.o(locale$$code)
    locale$$code                             0x08004054   Section       44  lc_ctype_c.o(locale$$code)
    x$fpl$printf1                            0x08004080   Section        4  printf1.o(x$fpl$printf1)
    .constdata                               0x08004084   Section     7312  oled.o(.constdata)
    x$fpl$usenofp                            0x08004084   Section        0  usenofp.o(x$fpl$usenofp)
    .constdata                               0x08005d14   Section        8  _printf_wctomb.o(.constdata)
    initial_mbstate                          0x08005d14   Data           8  _printf_wctomb.o(.constdata)
    .constdata                               0x08005d1c   Section       40  _printf_hex_int_ll_ptr.o(.constdata)
    uc_hextab                                0x08005d1c   Data          20  _printf_hex_int_ll_ptr.o(.constdata)
    lc_hextab                                0x08005d30   Data          20  _printf_hex_int_ll_ptr.o(.constdata)
    .constdata                               0x08005d44   Section       17  __printf_flags_ss_wp.o(.constdata)
    maptable                                 0x08005d44   Data          17  __printf_flags_ss_wp.o(.constdata)
    .constdata                               0x08005d58   Section      148  bigflt0.o(.constdata)
    tenpwrs_x                                0x08005d58   Data          60  bigflt0.o(.constdata)
    tenpwrs_i                                0x08005d94   Data          64  bigflt0.o(.constdata)
    locale$$data                             0x08005e0c   Section       28  lc_numeric_c.o(locale$$data)
    __lcnum_c_name                           0x08005e10   Data           2  lc_numeric_c.o(locale$$data)
    __lcnum_c_start                          0x08005e18   Data           0  lc_numeric_c.o(locale$$data)
    __lcnum_c_point                          0x08005e24   Data           0  lc_numeric_c.o(locale$$data)
    __lcnum_c_thousands                      0x08005e26   Data           0  lc_numeric_c.o(locale$$data)
    __lcnum_c_grouping                       0x08005e27   Data           0  lc_numeric_c.o(locale$$data)
    locale$$data                             0x08005e28   Section      272  lc_ctype_c.o(locale$$data)
    __lcnum_c_end                            0x08005e28   Data           0  lc_numeric_c.o(locale$$data)
    __lcctype_c_name                         0x08005e2c   Data           2  lc_ctype_c.o(locale$$data)
    __lcctype_c_start                        0x08005e34   Data           0  lc_ctype_c.o(locale$$data)
    __lcctype_c_end                          0x08005f38   Data           0  lc_ctype_c.o(locale$$data)
    .data                                    0x20000000   Section       20  system_stm32f10x.o(.data)
    .data                                    0x20000014   Section        1  key.o(.data)
    key_up                                   0x20000014   Data           1  key.o(.data)
    .data                                    0x20000016   Section        2  usart1.o(.data)
    .data                                    0x20000018   Section        4  delay.o(.data)
    fac_us                                   0x20000018   Data           1  delay.o(.data)
    fac_ms                                   0x2000001a   Data           2  delay.o(.data)
    .data                                    0x2000001c   Section       20  stm32f10x_rcc.o(.data)
    APBAHBPrescTable                         0x2000001c   Data          16  stm32f10x_rcc.o(.data)
    ADCPrescTable                            0x2000002c   Data           4  stm32f10x_rcc.o(.data)
    .bss                                     0x20000030   Section     1024  oled.o(.bss)
    .bss                                     0x20000430   Section     1200  usart1.o(.bss)
    .bss                                     0x200008e0   Section       96  libspace.o(.bss)
    HEAP                                     0x20000940   Section      512  startup_stm32f10x_hd.o(HEAP)
    Heap_Mem                                 0x20000940   Data         512  startup_stm32f10x_hd.o(HEAP)
    STACK                                    0x20000b40   Section     1024  startup_stm32f10x_hd.o(STACK)
    Stack_Mem                                0x20000b40   Data        1024  startup_stm32f10x_hd.o(STACK)
    __initial_sp                             0x20000f40   Data           0  startup_stm32f10x_hd.o(STACK)

    Global Symbols

    Symbol Name                              Value     Ov Type        Size  Object(Section)

    BuildAttributes$$THM_ISAv4$P$D$K$B$S$PE$A:L22UL41UL21$X:L11$S22US41US21$IEEE1$IW$USESV6$~STKCKD$USESV7$~SHL$OTIME$ROPI$IEEEJ$EBA8$UX$STANDARDLIB$REQ8$PRES8$EABIv2 0x00000000   Number         0  anon$$obj.o ABSOLUTE
    __ARM_use_no_argv                        0x00000000   Number         0  main.o ABSOLUTE
    _printf_flags                            0x00000000   Number         0  printf_stubs.o ABSOLUTE
    _printf_return_value                     0x00000000   Number         0  printf_stubs.o ABSOLUTE
    _printf_sizespec                         0x00000000   Number         0  printf_stubs.o ABSOLUTE
    _printf_widthprec                        0x00000000   Number         0  printf_stubs.o ABSOLUTE
    __ARM_exceptions_init                     - Undefined Weak Reference
    __alloca_initialize                       - Undefined Weak Reference
    __arm_preinit_                            - Undefined Weak Reference
    __cpp_initialize__aeabi_                  - Undefined Weak Reference
    __cxa_finalize                            - Undefined Weak Reference
    __sigvec_lookup                           - Undefined Weak Reference
    _atexit_init                              - Undefined Weak Reference
    _call_atexit_fns                          - Undefined Weak Reference
    _clock_init                               - Undefined Weak Reference
    _fp_trap_init                             - Undefined Weak Reference
    _fp_trap_shutdown                         - Undefined Weak Reference
    _get_lc_collate                           - Undefined Weak Reference
    _get_lc_monetary                          - Undefined Weak Reference
    _get_lc_time                              - Undefined Weak Reference
    _getenv_init                              - Undefined Weak Reference
    _handle_redirection                       - Undefined Weak Reference
    _init_alloc                               - Undefined Weak Reference
    _init_user_alloc                          - Undefined Weak Reference
    _initio                                   - Undefined Weak Reference
    _printf_fp_hex                            - Undefined Weak Reference
    _printf_mbtowc                            - Undefined Weak Reference
    _printf_wc                                - Undefined Weak Reference
    _rand_init                                - Undefined Weak Reference
    _signal_finish                            - Undefined Weak Reference
    _signal_init                              - Undefined Weak Reference
    _terminate_alloc                          - Undefined Weak Reference
    _terminate_user_alloc                     - Undefined Weak Reference
    _terminateio                              - Undefined Weak Reference
    __Vectors_Size                           0x00000130   Number         0  startup_stm32f10x_hd.o ABSOLUTE
    __Vectors                                0x08000000   Data           4  startup_stm32f10x_hd.o(RESET)
    __Vectors_End                            0x08000130   Data           0  startup_stm32f10x_hd.o(RESET)
    __main                                   0x08000131   Thumb Code     8  __main.o(!!!main)
    __scatterload                            0x08000139   Thumb Code     0  __scatter.o(!!!scatter)
    __scatterload_rt2                        0x08000139   Thumb Code    44  __scatter.o(!!!scatter)
    __scatterload_rt2_thumb_only             0x08000139   Thumb Code     0  __scatter.o(!!!scatter)
    __scatterload_null                       0x08000147   Thumb Code     0  __scatter.o(!!!scatter)
    __scatterload_copy                       0x0800016d   Thumb Code    26  __scatter_copy.o(!!handler_copy)
    __scatterload_zeroinit                   0x08000189   Thumb Code    28  __scatter_zi.o(!!handler_zi)
    _printf_n                                0x080001a5   Thumb Code     0  _printf_n.o(.ARM.Collect$$_printf_percent$$00000001)
    _printf_percent                          0x080001a5   Thumb Code     0  _printf_percent.o(.ARM.Collect$$_printf_percent$$00000000)
    _printf_p                                0x080001ab   Thumb Code     0  _printf_p.o(.ARM.Collect$$_printf_percent$$00000002)
    _printf_f                                0x080001b1   Thumb Code     0  _printf_f.o(.ARM.Collect$$_printf_percent$$00000003)
    _printf_e                                0x080001b7   Thumb Code     0  _printf_e.o(.ARM.Collect$$_printf_percent$$00000004)
    _printf_g                                0x080001bd   Thumb Code     0  _printf_g.o(.ARM.Collect$$_printf_percent$$00000005)
    _printf_a                                0x080001c3   Thumb Code     0  _printf_a.o(.ARM.Collect$$_printf_percent$$00000006)
    _printf_ll                               0x080001c9   Thumb Code     0  _printf_ll.o(.ARM.Collect$$_printf_percent$$00000007)
    _printf_i                                0x080001d3   Thumb Code     0  _printf_i.o(.ARM.Collect$$_printf_percent$$00000008)
    _printf_d                                0x080001d9   Thumb Code     0  _printf_d.o(.ARM.Collect$$_printf_percent$$00000009)
    _printf_u                                0x080001df   Thumb Code     0  _printf_u.o(.ARM.Collect$$_printf_percent$$0000000A)
    _printf_o                                0x080001e5   Thumb Code     0  _printf_o.o(.ARM.Collect$$_printf_percent$$0000000B)
    _printf_x                                0x080001eb   Thumb Code     0  _printf_x.o(.ARM.Collect$$_printf_percent$$0000000C)
    _printf_lli                              0x080001f1   Thumb Code     0  _printf_lli.o(.ARM.Collect$$_printf_percent$$0000000D)
    _printf_lld                              0x080001f7   Thumb Code     0  _printf_lld.o(.ARM.Collect$$_printf_percent$$0000000E)
    _printf_llu                              0x080001fd   Thumb Code     0  _printf_llu.o(.ARM.Collect$$_printf_percent$$0000000F)
    _printf_llo                              0x08000203   Thumb Code     0  _printf_llo.o(.ARM.Collect$$_printf_percent$$00000010)
    _printf_llx                              0x08000209   Thumb Code     0  _printf_llx.o(.ARM.Collect$$_printf_percent$$00000011)
    _printf_l                                0x0800020f   Thumb Code     0  _printf_l.o(.ARM.Collect$$_printf_percent$$00000012)
    _printf_c                                0x08000219   Thumb Code     0  _printf_c.o(.ARM.Collect$$_printf_percent$$00000013)
    _printf_s                                0x0800021f   Thumb Code     0  _printf_s.o(.ARM.Collect$$_printf_percent$$00000014)
    _printf_lc                               0x08000225   Thumb Code     0  _printf_lc.o(.ARM.Collect$$_printf_percent$$00000015)
    _printf_ls                               0x0800022b   Thumb Code     0  _printf_ls.o(.ARM.Collect$$_printf_percent$$00000016)
    _printf_percent_end                      0x08000231   Thumb Code     0  _printf_percent_end.o(.ARM.Collect$$_printf_percent$$00000017)
    __rt_lib_init                            0x08000235   Thumb Code     0  libinit.o(.ARM.Collect$$libinit$$00000000)
    __rt_lib_init_fp_1                       0x08000237   Thumb Code     0  libinit2.o(.ARM.Collect$$libinit$$00000002)
    __rt_lib_init_heap_1                     0x08000237   Thumb Code     0  libinit2.o(.ARM.Collect$$libinit$$0000000A)
    __rt_lib_init_lc_common                  0x08000237   Thumb Code     0  libinit2.o(.ARM.Collect$$libinit$$0000000F)
    __rt_lib_init_preinit_1                  0x08000237   Thumb Code     0  libinit2.o(.ARM.Collect$$libinit$$00000004)
    __rt_lib_init_rand_1                     0x08000237   Thumb Code     0  libinit2.o(.ARM.Collect$$libinit$$0000000E)
    __rt_lib_init_user_alloc_1               0x08000237   Thumb Code     0  libinit2.o(.ARM.Collect$$libinit$$0000000C)
    __rt_lib_init_lc_collate_1               0x0800023d   Thumb Code     0  libinit2.o(.ARM.Collect$$libinit$$00000011)
    __rt_lib_init_lc_ctype_2                 0x0800023d   Thumb Code     0  libinit2.o(.ARM.Collect$$libinit$$00000012)
    __rt_lib_init_lc_ctype_1                 0x08000249   Thumb Code     0  libinit2.o(.ARM.Collect$$libinit$$00000013)
    __rt_lib_init_lc_monetary_1              0x08000249   Thumb Code     0  libinit2.o(.ARM.Collect$$libinit$$00000015)
    __rt_lib_init_lc_numeric_2               0x08000249   Thumb Code     0  libinit2.o(.ARM.Collect$$libinit$$00000016)
    __rt_lib_init_alloca_1                   0x08000253   Thumb Code     0  libinit2.o(.ARM.Collect$$libinit$$0000002E)
    __rt_lib_init_argv_1                     0x08000253   Thumb Code     0  libinit2.o(.ARM.Collect$$libinit$$0000002C)
    __rt_lib_init_atexit_1                   0x08000253   Thumb Code     0  libinit2.o(.ARM.Collect$$libinit$$0000001B)
    __rt_lib_init_clock_1                    0x08000253   Thumb Code     0  libinit2.o(.ARM.Collect$$libinit$$00000021)
    __rt_lib_init_cpp_1                      0x08000253   Thumb Code     0  libinit2.o(.ARM.Collect$$libinit$$00000032)
    __rt_lib_init_exceptions_1               0x08000253   Thumb Code     0  libinit2.o(.ARM.Collect$$libinit$$00000030)
    __rt_lib_init_fp_trap_1                  0x08000253   Thumb Code     0  libinit2.o(.ARM.Collect$$libinit$$0000001F)
    __rt_lib_init_getenv_1                   0x08000253   Thumb Code     0  libinit2.o(.ARM.Collect$$libinit$$00000023)
    __rt_lib_init_lc_numeric_1               0x08000253   Thumb Code     0  libinit2.o(.ARM.Collect$$libinit$$00000017)
    __rt_lib_init_lc_time_1                  0x08000253   Thumb Code     0  libinit2.o(.ARM.Collect$$libinit$$00000019)
    __rt_lib_init_return                     0x08000253   Thumb Code     0  libinit2.o(.ARM.Collect$$libinit$$00000033)
    __rt_lib_init_signal_1                   0x08000253   Thumb Code     0  libinit2.o(.ARM.Collect$$libinit$$0000001D)
    __rt_lib_init_stdio_1                    0x08000253   Thumb Code     0  libinit2.o(.ARM.Collect$$libinit$$00000025)
    __rt_lib_shutdown                        0x08000255   Thumb Code     0  libshutdown.o(.ARM.Collect$$libshutdown$$00000000)
    __rt_lib_shutdown_cpp_1                  0x08000257   Thumb Code     0  libshutdown2.o(.ARM.Collect$$libshutdown$$00000002)
    __rt_lib_shutdown_fp_trap_1              0x08000257   Thumb Code     0  libshutdown2.o(.ARM.Collect$$libshutdown$$00000007)
    __rt_lib_shutdown_heap_1                 0x08000257   Thumb Code     0  libshutdown2.o(.ARM.Collect$$libshutdown$$0000000F)
    __rt_lib_shutdown_return                 0x08000257   Thumb Code     0  libshutdown2.o(.ARM.Collect$$libshutdown$$00000010)
    __rt_lib_shutdown_signal_1               0x08000257   Thumb Code     0  libshutdown2.o(.ARM.Collect$$libshutdown$$0000000A)
    __rt_lib_shutdown_stdio_1                0x08000257   Thumb Code     0  libshutdown2.o(.ARM.Collect$$libshutdown$$00000004)
    __rt_lib_shutdown_user_alloc_1           0x08000257   Thumb Code     0  libshutdown2.o(.ARM.Collect$$libshutdown$$0000000C)
    __rt_entry                               0x08000259   Thumb Code     0  __rtentry.o(.ARM.Collect$$rtentry$$00000000)
    __rt_entry_presh_1                       0x08000259   Thumb Code     0  __rtentry2.o(.ARM.Collect$$rtentry$$00000002)
    __rt_entry_sh                            0x08000259   Thumb Code     0  __rtentry4.o(.ARM.Collect$$rtentry$$00000004)
    __rt_entry_li                            0x0800025f   Thumb Code     0  __rtentry2.o(.ARM.Collect$$rtentry$$0000000A)
    __rt_entry_postsh_1                      0x0800025f   Thumb Code     0  __rtentry2.o(.ARM.Collect$$rtentry$$00000009)
    __rt_entry_main                          0x08000263   Thumb Code     0  __rtentry2.o(.ARM.Collect$$rtentry$$0000000D)
    __rt_entry_postli_1                      0x08000263   Thumb Code     0  __rtentry2.o(.ARM.Collect$$rtentry$$0000000C)
    __rt_exit                                0x0800026b   Thumb Code     0  rtexit.o(.ARM.Collect$$rtexit$$00000000)
    __rt_exit_ls                             0x0800026d   Thumb Code     0  rtexit2.o(.ARM.Collect$$rtexit$$00000003)
    __rt_exit_prels_1                        0x0800026d   Thumb Code     0  rtexit2.o(.ARM.Collect$$rtexit$$00000002)
    __rt_exit_exit                           0x08000271   Thumb Code     0  rtexit2.o(.ARM.Collect$$rtexit$$00000004)
    main                                     0x08000279   Thumb Code   202  main.o(.text)
    NMI_Handler                              0x08000365   Thumb Code     2  stm32f10x_it.o(.text)
    HardFault_Handler                        0x08000367   Thumb Code     4  stm32f10x_it.o(.text)
    MemManage_Handler                        0x0800036b   Thumb Code     4  stm32f10x_it.o(.text)
    BusFault_Handler                         0x0800036f   Thumb Code     4  stm32f10x_it.o(.text)
    UsageFault_Handler                       0x08000373   Thumb Code     4  stm32f10x_it.o(.text)
    SVC_Handler                              0x08000377   Thumb Code     2  stm32f10x_it.o(.text)
    DebugMon_Handler                         0x08000379   Thumb Code     2  stm32f10x_it.o(.text)
    PendSV_Handler                           0x0800037b   Thumb Code     2  stm32f10x_it.o(.text)
    SysTick_Handler                          0x0800037d   Thumb Code     2  stm32f10x_it.o(.text)
    SystemInit                               0x0800045f   Thumb Code    78  system_stm32f10x.o(.text)
    SystemCoreClockUpdate                    0x080004ad   Thumb Code   142  system_stm32f10x.o(.text)
    LED_Init                                 0x08000561   Thumb Code    70  led.o(.text)
    KEY_Init                                 0x080005ad   Thumb Code    34  key.o(.text)
    KEY_Scan                                 0x080005cf   Thumb Code   200  key.o(.text)
    OLED_WR_Byte                             0x080006a1   Thumb Code    68  oled.o(.text)
    OLED_Refresh_Gram                        0x080006e5   Thumb Code    70  oled.o(.text)
    OLED_Clear                               0x0800072b   Thumb Code    42  oled.o(.text)
    OLED_Init                                0x08000755   Thumb Code   264  oled.o(.text)
    OLED_WrDat                               0x0800085d   Thumb Code    76  oled.o(.text)
    OLED_Display_On                          0x080008a9   Thumb Code    28  oled.o(.text)
    OLED_Display_Off                         0x080008c5   Thumb Code    28  oled.o(.text)
    OLED_DrawPoint                           0x080008e1   Thumb Code   198  oled.o(.text)
    OLED_Fill                                0x080009a7   Thumb Code    58  oled.o(.text)
    OLED_ShowChar                            0x080009e1   Thumb Code   284  oled.o(.text)
    mypow                                    0x08000afd   Thumb Code    22  oled.o(.text)
    OLED_ShowNum                             0x08000b13   Thumb Code   148  oled.o(.text)
    OLED_ShowString                          0x08000ba7   Thumb Code    76  oled.o(.text)
    Draw_BMP                                 0x08000bf3   Thumb Code   120  oled.o(.text)
    OLED_Show_Font                           0x08000c6b   Thumb Code   164  oled.o(.text)
    TIM4_Int_Init                            0x08000d19   Thumb Code    90  timer.o(.text)
    TIM4_IRQHandler                          0x08000d73   Thumb Code    42  timer.o(.text)
    USART1_IRQHandler                        0x08000da5   Thumb Code    94  usart1.o(.text)
    usart1_init                              0x08000e03   Thumb Code   190  usart1.o(.text)
    u1_printf                                0x08000ec1   Thumb Code    72  usart1.o(.text)
    delay_init                               0x08000f21   Thumb Code    50  delay.o(.text)
    delay_us                                 0x08000f53   Thumb Code    72  delay.o(.text)
    delay_ms                                 0x08000f9b   Thumb Code    72  delay.o(.text)
    Reset_Handler                            0x08000ff5   Thumb Code     8  startup_stm32f10x_hd.o(.text)
    ADC1_2_IRQHandler                        0x0800100f   Thumb Code     0  startup_stm32f10x_hd.o(.text)
    ADC3_IRQHandler                          0x0800100f   Thumb Code     0  startup_stm32f10x_hd.o(.text)
    CAN1_RX1_IRQHandler                      0x0800100f   Thumb Code     0  startup_stm32f10x_hd.o(.text)
    CAN1_SCE_IRQHandler                      0x0800100f   Thumb Code     0  startup_stm32f10x_hd.o(.text)
    DMA1_Channel1_IRQHandler                 0x0800100f   Thumb Code     0  startup_stm32f10x_hd.o(.text)
    DMA1_Channel2_IRQHandler                 0x0800100f   Thumb Code     0  startup_stm32f10x_hd.o(.text)
    DMA1_Channel3_IRQHandler                 0x0800100f   Thumb Code     0  startup_stm32f10x_hd.o(.text)
    DMA1_Channel4_IRQHandler                 0x0800100f   Thumb Code     0  startup_stm32f10x_hd.o(.text)
    DMA1_Channel5_IRQHandler                 0x0800100f   Thumb Code     0  startup_stm32f10x_hd.o(.text)
    DMA1_Channel6_IRQHandler                 0x0800100f   Thumb Code     0  startup_stm32f10x_hd.o(.text)
    DMA1_Channel7_IRQHandler                 0x0800100f   Thumb Code     0  startup_stm32f10x_hd.o(.text)
    DMA2_Channel1_IRQHandler                 0x0800100f   Thumb Code     0  startup_stm32f10x_hd.o(.text)
    DMA2_Channel2_IRQHandler                 0x0800100f   Thumb Code     0  startup_stm32f10x_hd.o(.text)
    DMA2_Channel3_IRQHandler                 0x0800100f   Thumb Code     0  startup_stm32f10x_hd.o(.text)
    DMA2_Channel4_5_IRQHandler               0x0800100f   Thumb Code     0  startup_stm32f10x_hd.o(.text)
    EXTI0_IRQHandler                         0x0800100f   Thumb Code     0  startup_stm32f10x_hd.o(.text)
    EXTI15_10_IRQHandler                     0x0800100f   Thumb Code     0  startup_stm32f10x_hd.o(.text)
    EXTI1_IRQHandler                         0x0800100f   Thumb Code     0  startup_stm32f10x_hd.o(.text)
    EXTI2_IRQHandler                         0x0800100f   Thumb Code     0  startup_stm32f10x_hd.o(.text)
    EXTI3_IRQHandler                         0x0800100f   Thumb Code     0  startup_stm32f10x_hd.o(.text)
    EXTI4_IRQHandler                         0x0800100f   Thumb Code     0  startup_stm32f10x_hd.o(.text)
    EXTI9_5_IRQHandler                       0x0800100f   Thumb Code     0  startup_stm32f10x_hd.o(.text)
    FLASH_IRQHandler                         0x0800100f   Thumb Code     0  startup_stm32f10x_hd.o(.text)
    FSMC_IRQHandler                          0x0800100f   Thumb Code     0  startup_stm32f10x_hd.o(.text)
    I2C1_ER_IRQHandler                       0x0800100f   Thumb Code     0  startup_stm32f10x_hd.o(.text)
    I2C1_EV_IRQHandler                       0x0800100f   Thumb Code     0  startup_stm32f10x_hd.o(.text)
    I2C2_ER_IRQHandler                       0x0800100f   Thumb Code     0  startup_stm32f10x_hd.o(.text)
    I2C2_EV_IRQHandler                       0x0800100f   Thumb Code     0  startup_stm32f10x_hd.o(.text)
    PVD_IRQHandler                           0x0800100f   Thumb Code     0  startup_stm32f10x_hd.o(.text)
    RCC_IRQHandler                           0x0800100f   Thumb Code     0  startup_stm32f10x_hd.o(.text)
    RTCAlarm_IRQHandler                      0x0800100f   Thumb Code     0  startup_stm32f10x_hd.o(.text)
    RTC_IRQHandler                           0x0800100f   Thumb Code     0  startup_stm32f10x_hd.o(.text)
    SDIO_IRQHandler                          0x0800100f   Thumb Code     0  startup_stm32f10x_hd.o(.text)
    SPI1_IRQHandler                          0x0800100f   Thumb Code     0  startup_stm32f10x_hd.o(.text)
    SPI2_IRQHandler                          0x0800100f   Thumb Code     0  startup_stm32f10x_hd.o(.text)
    SPI3_IRQHandler                          0x0800100f   Thumb Code     0  startup_stm32f10x_hd.o(.text)
    TAMPER_IRQHandler                        0x0800100f   Thumb Code     0  startup_stm32f10x_hd.o(.text)
    TIM1_BRK_IRQHandler                      0x0800100f   Thumb Code     0  startup_stm32f10x_hd.o(.text)
    TIM1_CC_IRQHandler                       0x0800100f   Thumb Code     0  startup_stm32f10x_hd.o(.text)
    TIM1_TRG_COM_IRQHandler                  0x0800100f   Thumb Code     0  startup_stm32f10x_hd.o(.text)
    TIM1_UP_IRQHandler                       0x0800100f   Thumb Code     0  startup_stm32f10x_hd.o(.text)
    TIM2_IRQHandler                          0x0800100f   Thumb Code     0  startup_stm32f10x_hd.o(.text)
    TIM3_IRQHandler                          0x0800100f   Thumb Code     0  startup_stm32f10x_hd.o(.text)
    TIM5_IRQHandler                          0x0800100f   Thumb Code     0  startup_stm32f10x_hd.o(.text)
    TIM6_IRQHandler                          0x0800100f   Thumb Code     0  startup_stm32f10x_hd.o(.text)
    TIM7_IRQHandler                          0x0800100f   Thumb Code     0  startup_stm32f10x_hd.o(.text)
    TIM8_BRK_IRQHandler                      0x0800100f   Thumb Code     0  startup_stm32f10x_hd.o(.text)
    TIM8_CC_IRQHandler                       0x0800100f   Thumb Code     0  startup_stm32f10x_hd.o(.text)
    TIM8_TRG_COM_IRQHandler                  0x0800100f   Thumb Code     0  startup_stm32f10x_hd.o(.text)
    TIM8_UP_IRQHandler                       0x0800100f   Thumb Code     0  startup_stm32f10x_hd.o(.text)
    UART4_IRQHandler                         0x0800100f   Thumb Code     0  startup_stm32f10x_hd.o(.text)
    UART5_IRQHandler                         0x0800100f   Thumb Code     0  startup_stm32f10x_hd.o(.text)
    USART2_IRQHandler                        0x0800100f   Thumb Code     0  startup_stm32f10x_hd.o(.text)
    USART3_IRQHandler                        0x0800100f   Thumb Code     0  startup_stm32f10x_hd.o(.text)
    USBWakeUp_IRQHandler                     0x0800100f   Thumb Code     0  startup_stm32f10x_hd.o(.text)
    USB_HP_CAN1_TX_IRQHandler                0x0800100f   Thumb Code     0  startup_stm32f10x_hd.o(.text)
    USB_LP_CAN1_RX0_IRQHandler               0x0800100f   Thumb Code     0  startup_stm32f10x_hd.o(.text)
    WWDG_IRQHandler                          0x0800100f   Thumb Code     0  startup_stm32f10x_hd.o(.text)
    __user_initial_stackheap                 0x08001011   Thumb Code     0  startup_stm32f10x_hd.o(.text)
    NVIC_PriorityGroupConfig                 0x08001035   Thumb Code    10  misc.o(.text)
    NVIC_Init                                0x0800103f   Thumb Code   100  misc.o(.text)
    NVIC_SetVectorTable                      0x080010a3   Thumb Code    14  misc.o(.text)
    NVIC_SystemLPConfig                      0x080010b1   Thumb Code    34  misc.o(.text)
    SysTick_CLKSourceConfig                  0x080010d3   Thumb Code    40  misc.o(.text)
    GPIO_DeInit                              0x08001111   Thumb Code   172  stm32f10x_gpio.o(.text)
    GPIO_AFIODeInit                          0x080011bd   Thumb Code    20  stm32f10x_gpio.o(.text)
    GPIO_Init                                0x080011d1   Thumb Code   278  stm32f10x_gpio.o(.text)
    GPIO_StructInit                          0x080012e7   Thumb Code    16  stm32f10x_gpio.o(.text)
    GPIO_ReadInputDataBit                    0x080012f7   Thumb Code    18  stm32f10x_gpio.o(.text)
    GPIO_ReadInputData                       0x08001309   Thumb Code     8  stm32f10x_gpio.o(.text)
    GPIO_ReadOutputDataBit                   0x08001311   Thumb Code    18  stm32f10x_gpio.o(.text)
    GPIO_ReadOutputData                      0x08001323   Thumb Code     8  stm32f10x_gpio.o(.text)
    GPIO_SetBits                             0x0800132b   Thumb Code     4  stm32f10x_gpio.o(.text)
    GPIO_ResetBits                           0x0800132f   Thumb Code     4  stm32f10x_gpio.o(.text)
    GPIO_WriteBit                            0x08001333   Thumb Code    10  stm32f10x_gpio.o(.text)
    GPIO_Write                               0x0800133d   Thumb Code     4  stm32f10x_gpio.o(.text)
    GPIO_PinLockConfig                       0x08001341   Thumb Code    18  stm32f10x_gpio.o(.text)
    GPIO_EventOutputConfig                   0x08001353   Thumb Code    26  stm32f10x_gpio.o(.text)
    GPIO_EventOutputCmd                      0x0800136d   Thumb Code     6  stm32f10x_gpio.o(.text)
    GPIO_PinRemapConfig                      0x08001373   Thumb Code   138  stm32f10x_gpio.o(.text)
    GPIO_EXTILineConfig                      0x080013fd   Thumb Code    66  stm32f10x_gpio.o(.text)
    GPIO_ETH_MediaInterfaceConfig            0x0800143f   Thumb Code     8  stm32f10x_gpio.o(.text)
    RCC_DeInit                               0x0800146d   Thumb Code    64  stm32f10x_rcc.o(.text)
    RCC_HSEConfig                            0x080014ad   Thumb Code    70  stm32f10x_rcc.o(.text)
    RCC_GetFlagStatus                        0x080014f3   Thumb Code    56  stm32f10x_rcc.o(.text)
    RCC_WaitForHSEStartUp                    0x0800152b   Thumb Code    56  stm32f10x_rcc.o(.text)
    RCC_AdjustHSICalibrationValue            0x08001563   Thumb Code    20  stm32f10x_rcc.o(.text)
    RCC_HSICmd                               0x08001577   Thumb Code     6  stm32f10x_rcc.o(.text)
    RCC_PLLConfig                            0x0800157d   Thumb Code    24  stm32f10x_rcc.o(.text)
    RCC_PLLCmd                               0x08001595   Thumb Code     6  stm32f10x_rcc.o(.text)
    RCC_SYSCLKConfig                         0x0800159b   Thumb Code    18  stm32f10x_rcc.o(.text)
    RCC_GetSYSCLKSource                      0x080015ad   Thumb Code    10  stm32f10x_rcc.o(.text)
    RCC_HCLKConfig                           0x080015b7   Thumb Code    18  stm32f10x_rcc.o(.text)
    RCC_PCLK1Config                          0x080015c9   Thumb Code    18  stm32f10x_rcc.o(.text)
    RCC_PCLK2Config                          0x080015db   Thumb Code    20  stm32f10x_rcc.o(.text)
    RCC_ITConfig                             0x080015ef   Thumb Code    26  stm32f10x_rcc.o(.text)
    RCC_USBCLKConfig                         0x08001609   Thumb Code     8  stm32f10x_rcc.o(.text)
    RCC_ADCCLKConfig                         0x08001611   Thumb Code    18  stm32f10x_rcc.o(.text)
    RCC_LSEConfig                            0x08001623   Thumb Code    50  stm32f10x_rcc.o(.text)
    RCC_LSICmd                               0x08001655   Thumb Code     6  stm32f10x_rcc.o(.text)
    RCC_RTCCLKConfig                         0x0800165b   Thumb Code    12  stm32f10x_rcc.o(.text)
    RCC_RTCCLKCmd                            0x08001667   Thumb Code     8  stm32f10x_rcc.o(.text)
    RCC_GetClocksFreq                        0x0800166f   Thumb Code   192  stm32f10x_rcc.o(.text)
    RCC_AHBPeriphClockCmd                    0x0800172f   Thumb Code    26  stm32f10x_rcc.o(.text)
    RCC_APB2PeriphClockCmd                   0x08001749   Thumb Code    26  stm32f10x_rcc.o(.text)
    RCC_APB1PeriphClockCmd                   0x08001763   Thumb Code    26  stm32f10x_rcc.o(.text)
    RCC_APB2PeriphResetCmd                   0x0800177d   Thumb Code    26  stm32f10x_rcc.o(.text)
    RCC_APB1PeriphResetCmd                   0x08001797   Thumb Code    26  stm32f10x_rcc.o(.text)
    RCC_BackupResetCmd                       0x080017b1   Thumb Code     8  stm32f10x_rcc.o(.text)
    RCC_ClockSecuritySystemCmd               0x080017b9   Thumb Code     6  stm32f10x_rcc.o(.text)
    RCC_MCOConfig                            0x080017bf   Thumb Code     6  stm32f10x_rcc.o(.text)
    RCC_ClearFlag                            0x080017c5   Thumb Code    14  stm32f10x_rcc.o(.text)
    RCC_GetITStatus                          0x080017d3   Thumb Code    20  stm32f10x_rcc.o(.text)
    RCC_ClearITPendingBit                    0x080017e7   Thumb Code     6  stm32f10x_rcc.o(.text)
    USART_DeInit                             0x08001811   Thumb Code   134  stm32f10x_usart.o(.text)
    USART_Init                               0x08001897   Thumb Code   210  stm32f10x_usart.o(.text)
    USART_StructInit                         0x08001969   Thumb Code    24  stm32f10x_usart.o(.text)
    USART_ClockInit                          0x08001981   Thumb Code    34  stm32f10x_usart.o(.text)
    USART_ClockStructInit                    0x080019a3   Thumb Code    12  stm32f10x_usart.o(.text)
    USART_Cmd                                0x080019af   Thumb Code    24  stm32f10x_usart.o(.text)
    USART_ITConfig                           0x080019c7   Thumb Code    74  stm32f10x_usart.o(.text)
    USART_DMACmd                             0x08001a11   Thumb Code    18  stm32f10x_usart.o(.text)
    USART_SetAddress                         0x08001a23   Thumb Code    18  stm32f10x_usart.o(.text)
    USART_WakeUpConfig                       0x08001a35   Thumb Code    18  stm32f10x_usart.o(.text)
    USART_ReceiverWakeUpCmd                  0x08001a47   Thumb Code    24  stm32f10x_usart.o(.text)
    USART_LINBreakDetectLengthConfig         0x08001a5f   Thumb Code    18  stm32f10x_usart.o(.text)
    USART_LINCmd                             0x08001a71   Thumb Code    24  stm32f10x_usart.o(.text)
    USART_SendData                           0x08001a89   Thumb Code     8  stm32f10x_usart.o(.text)
    USART_ReceiveData                        0x08001a91   Thumb Code    10  stm32f10x_usart.o(.text)
    USART_SendBreak                          0x08001a9b   Thumb Code    10  stm32f10x_usart.o(.text)
    USART_SetGuardTime                       0x08001aa5   Thumb Code    16  stm32f10x_usart.o(.text)
    USART_SetPrescaler                       0x08001ab5   Thumb Code    16  stm32f10x_usart.o(.text)
    USART_SmartCardCmd                       0x08001ac5   Thumb Code    24  stm32f10x_usart.o(.text)
    USART_SmartCardNACKCmd                   0x08001add   Thumb Code    24  stm32f10x_usart.o(.text)
    USART_HalfDuplexCmd                      0x08001af5   Thumb Code    24  stm32f10x_usart.o(.text)
    USART_OverSampling8Cmd                   0x08001b0d   Thumb Code    22  stm32f10x_usart.o(.text)
    USART_OneBitMethodCmd                    0x08001b23   Thumb Code    24  stm32f10x_usart.o(.text)
    USART_IrDAConfig                         0x08001b3b   Thumb Code    18  stm32f10x_usart.o(.text)
    USART_IrDACmd                            0x08001b4d   Thumb Code    24  stm32f10x_usart.o(.text)
    USART_GetFlagStatus                      0x08001b65   Thumb Code    26  stm32f10x_usart.o(.text)
    USART_ClearFlag                          0x08001b7f   Thumb Code    18  stm32f10x_usart.o(.text)
    USART_GetITStatus                        0x08001b91   Thumb Code    84  stm32f10x_usart.o(.text)
    USART_ClearITPendingBit                  0x08001be5   Thumb Code    52  stm32f10x_usart.o(.text)
    TIM_DeInit                               0x08001c19   Thumb Code   424  stm32f10x_tim.o(.text)
    TIM_TimeBaseInit                         0x08001dc1   Thumb Code   122  stm32f10x_tim.o(.text)
    TIM_OC1Init                              0x08001e3b   Thumb Code   132  stm32f10x_tim.o(.text)
    TIM_OC2Init                              0x08001ebf   Thumb Code   154  stm32f10x_tim.o(.text)
    TIM_OC3Init                              0x08001f59   Thumb Code   150  stm32f10x_tim.o(.text)
    TIM_OC4Init                              0x08001fef   Thumb Code   182  stm32f10x_tim.o(.text)
    TIM_SetIC4Prescaler                      0x080020a5   Thumb Code    26  stm32f10x_tim.o(.text)
    TIM_SetIC3Prescaler                      0x08002141   Thumb Code    18  stm32f10x_tim.o(.text)
    TIM_SetIC2Prescaler                      0x080021cd   Thumb Code    26  stm32f10x_tim.o(.text)
    TIM_SetIC1Prescaler                      0x08002269   Thumb Code    18  stm32f10x_tim.o(.text)
    TIM_ICInit                               0x080022e7   Thumb Code   150  stm32f10x_tim.o(.text)
    TIM_PWMIConfig                           0x0800237d   Thumb Code   124  stm32f10x_tim.o(.text)
    TIM_BDTRConfig                           0x080023f9   Thumb Code    32  stm32f10x_tim.o(.text)
    TIM_TimeBaseStructInit                   0x08002419   Thumb Code    18  stm32f10x_tim.o(.text)
    TIM_OCStructInit                         0x0800242b   Thumb Code    20  stm32f10x_tim.o(.text)
    TIM_ICStructInit                         0x0800243f   Thumb Code    18  stm32f10x_tim.o(.text)
    TIM_BDTRStructInit                       0x08002451   Thumb Code    40  stm32f10x_tim.o(.text)
    TIM_Cmd                                  0x08002479   Thumb Code    24  stm32f10x_tim.o(.text)
    TIM_CtrlPWMOutputs                       0x08002491   Thumb Code    30  stm32f10x_tim.o(.text)
    TIM_ITConfig                             0x080024af   Thumb Code    18  stm32f10x_tim.o(.text)
    TIM_GenerateEvent                        0x080024c1   Thumb Code     4  stm32f10x_tim.o(.text)
    TIM_DMAConfig                            0x080024c5   Thumb Code    10  stm32f10x_tim.o(.text)
    TIM_DMACmd                               0x080024cf   Thumb Code    18  stm32f10x_tim.o(.text)
    TIM_InternalClockConfig                  0x080024e1   Thumb Code    12  stm32f10x_tim.o(.text)
    TIM_SelectInputTrigger                   0x080024ed   Thumb Code    18  stm32f10x_tim.o(.text)
    TIM_ITRxExternalClockConfig              0x080024ff   Thumb Code    24  stm32f10x_tim.o(.text)
    TIM_TIxExternalClockConfig               0x08002517   Thumb Code    62  stm32f10x_tim.o(.text)
    TIM_ETRConfig                            0x08002555   Thumb Code    28  stm32f10x_tim.o(.text)
    TIM_ETRClockMode1Config                  0x08002571   Thumb Code    54  stm32f10x_tim.o(.text)
    TIM_ETRClockMode2Config                  0x080025a7   Thumb Code    32  stm32f10x_tim.o(.text)
    TIM_PrescalerConfig                      0x080025c7   Thumb Code     6  stm32f10x_tim.o(.text)
    TIM_CounterModeConfig                    0x080025cd   Thumb Code    18  stm32f10x_tim.o(.text)
    TIM_EncoderInterfaceConfig               0x080025df   Thumb Code    66  stm32f10x_tim.o(.text)
    TIM_ForcedOC1Config                      0x08002621   Thumb Code    18  stm32f10x_tim.o(.text)
    TIM_ForcedOC2Config                      0x08002633   Thumb Code    26  stm32f10x_tim.o(.text)
    TIM_ForcedOC3Config                      0x0800264d   Thumb Code    18  stm32f10x_tim.o(.text)
    TIM_ForcedOC4Config                      0x0800265f   Thumb Code    26  stm32f10x_tim.o(.text)
    TIM_ARRPreloadConfig                     0x08002679   Thumb Code    24  stm32f10x_tim.o(.text)
    TIM_SelectCOM                            0x08002691   Thumb Code    24  stm32f10x_tim.o(.text)
    TIM_SelectCCDMA                          0x080026a9   Thumb Code    24  stm32f10x_tim.o(.text)
    TIM_CCPreloadControl                     0x080026c1   Thumb Code    24  stm32f10x_tim.o(.text)
    TIM_OC1PreloadConfig                     0x080026d9   Thumb Code    18  stm32f10x_tim.o(.text)
    TIM_OC2PreloadConfig                     0x080026eb   Thumb Code    26  stm32f10x_tim.o(.text)
    TIM_OC3PreloadConfig                     0x08002705   Thumb Code    18  stm32f10x_tim.o(.text)
    TIM_OC4PreloadConfig                     0x08002717   Thumb Code    26  stm32f10x_tim.o(.text)
    TIM_OC1FastConfig                        0x08002731   Thumb Code    18  stm32f10x_tim.o(.text)
    TIM_OC2FastConfig                        0x08002743   Thumb Code    26  stm32f10x_tim.o(.text)
    TIM_OC3FastConfig                        0x0800275d   Thumb Code    18  stm32f10x_tim.o(.text)
    TIM_OC4FastConfig                        0x0800276f   Thumb Code    26  stm32f10x_tim.o(.text)
    TIM_ClearOC1Ref                          0x08002789   Thumb Code    18  stm32f10x_tim.o(.text)
    TIM_ClearOC2Ref                          0x0800279b   Thumb Code    24  stm32f10x_tim.o(.text)
    TIM_ClearOC3Ref                          0x080027b3   Thumb Code    18  stm32f10x_tim.o(.text)
    TIM_ClearOC4Ref                          0x080027c5   Thumb Code    24  stm32f10x_tim.o(.text)
    TIM_OC1PolarityConfig                    0x080027dd   Thumb Code    18  stm32f10x_tim.o(.text)
    TIM_OC1NPolarityConfig                   0x080027ef   Thumb Code    18  stm32f10x_tim.o(.text)
    TIM_OC2PolarityConfig                    0x08002801   Thumb Code    26  stm32f10x_tim.o(.text)
    TIM_OC2NPolarityConfig                   0x0800281b   Thumb Code    26  stm32f10x_tim.o(.text)
    TIM_OC3PolarityConfig                    0x08002835   Thumb Code    26  stm32f10x_tim.o(.text)
    TIM_OC3NPolarityConfig                   0x0800284f   Thumb Code    26  stm32f10x_tim.o(.text)
    TIM_OC4PolarityConfig                    0x08002869   Thumb Code    26  stm32f10x_tim.o(.text)
    TIM_CCxCmd                               0x08002883   Thumb Code    30  stm32f10x_tim.o(.text)
    TIM_CCxNCmd                              0x080028a1   Thumb Code    30  stm32f10x_tim.o(.text)
    TIM_SelectOCxM                           0x080028bf   Thumb Code    82  stm32f10x_tim.o(.text)
    TIM_UpdateDisableConfig                  0x08002911   Thumb Code    24  stm32f10x_tim.o(.text)
    TIM_UpdateRequestConfig                  0x08002929   Thumb Code    24  stm32f10x_tim.o(.text)
    TIM_SelectHallSensor                     0x08002941   Thumb Code    24  stm32f10x_tim.o(.text)
    TIM_SelectOnePulseMode                   0x08002959   Thumb Code    18  stm32f10x_tim.o(.text)
    TIM_SelectOutputTrigger                  0x0800296b   Thumb Code    18  stm32f10x_tim.o(.text)
    TIM_SelectSlaveMode                      0x0800297d   Thumb Code    18  stm32f10x_tim.o(.text)
    TIM_SelectMasterSlaveMode                0x0800298f   Thumb Code    18  stm32f10x_tim.o(.text)
    TIM_SetCounter                           0x080029a1   Thumb Code     4  stm32f10x_tim.o(.text)
    TIM_SetAutoreload                        0x080029a5   Thumb Code     4  stm32f10x_tim.o(.text)
    TIM_SetCompare1                          0x080029a9   Thumb Code     4  stm32f10x_tim.o(.text)
    TIM_SetCompare2                          0x080029ad   Thumb Code     4  stm32f10x_tim.o(.text)
    TIM_SetCompare3                          0x080029b1   Thumb Code     4  stm32f10x_tim.o(.text)
    TIM_SetCompare4                          0x080029b5   Thumb Code     6  stm32f10x_tim.o(.text)
    TIM_SetClockDivision                     0x080029bb   Thumb Code    18  stm32f10x_tim.o(.text)
    TIM_GetCapture1                          0x080029cd   Thumb Code     6  stm32f10x_tim.o(.text)
    TIM_GetCapture2                          0x080029d3   Thumb Code     6  stm32f10x_tim.o(.text)
    TIM_GetCapture3                          0x080029d9   Thumb Code     6  stm32f10x_tim.o(.text)
    TIM_GetCapture4                          0x080029df   Thumb Code     8  stm32f10x_tim.o(.text)
    TIM_GetCounter                           0x080029e7   Thumb Code     6  stm32f10x_tim.o(.text)
    TIM_GetPrescaler                         0x080029ed   Thumb Code     6  stm32f10x_tim.o(.text)
    TIM_GetFlagStatus                        0x080029f3   Thumb Code    18  stm32f10x_tim.o(.text)
    TIM_ClearFlag                            0x08002a05   Thumb Code     6  stm32f10x_tim.o(.text)
    TIM_GetITStatus                          0x08002a0b   Thumb Code    34  stm32f10x_tim.o(.text)
    TIM_ClearITPendingBit                    0x08002a2d   Thumb Code     6  stm32f10x_tim.o(.text)
    __c89vsprintf                            0x08002a35   Thumb Code    32  c89vsprintf.o(.text)
    strlen                                   0x08002a59   Thumb Code    62  strlen.o(.text)
    __use_two_region_memory                  0x08002a97   Thumb Code     2  heapauxi.o(.text)
    __rt_heap_escrow$2region                 0x08002a99   Thumb Code     2  heapauxi.o(.text)
    __rt_heap_expand$2region                 0x08002a9b   Thumb Code     2  heapauxi.o(.text)
    _printf_pre_padding                      0x08002a9d   Thumb Code    44  _printf_pad.o(.text)
    _printf_post_padding                     0x08002ac9   Thumb Code    34  _printf_pad.o(.text)
    _printf_truncate_signed                  0x08002aeb   Thumb Code    18  _printf_truncate.o(.text)
    _printf_truncate_unsigned                0x08002afd   Thumb Code    18  _printf_truncate.o(.text)
    _printf_str                              0x08002b0f   Thumb Code    82  _printf_str.o(.text)
    _printf_int_dec                          0x08002b61   Thumb Code   104  _printf_dec.o(.text)
    _printf_charcount                        0x08002bd9   Thumb Code    40  _printf_charcount.o(.text)
    _printf_char_common                      0x08002c0b   Thumb Code    32  _printf_char_common.o(.text)
    _sputc                                   0x08002c31   Thumb Code    10  _sputc.o(.text)
    _printf_wctomb                           0x08002c3d   Thumb Code   182  _printf_wctomb.o(.text)
    _printf_longlong_dec                     0x08002cf9   Thumb Code   108  _printf_longlong_dec.o(.text)
    _printf_longlong_oct                     0x08002d75   Thumb Code    66  _printf_oct_int_ll.o(.text)
    _printf_int_oct                          0x08002db7   Thumb Code    24  _printf_oct_int_ll.o(.text)
    _printf_ll_oct                           0x08002dcf   Thumb Code    12  _printf_oct_int_ll.o(.text)
    _printf_longlong_hex                     0x08002de5   Thumb Code    86  _printf_hex_int_ll_ptr.o(.text)
    _printf_int_hex                          0x08002e3b   Thumb Code    28  _printf_hex_int_ll_ptr.o(.text)
    _printf_ll_hex                           0x08002e57   Thumb Code    12  _printf_hex_int_ll_ptr.o(.text)
    _printf_hex_ptr                          0x08002e63   Thumb Code    18  _printf_hex_int_ll_ptr.o(.text)
    __printf                                 0x08002e79   Thumb Code   388  __printf_flags_ss_wp.o(.text)
    _ll_udiv10                               0x08003001   Thumb Code   138  lludiv10.o(.text)
    _printf_int_common                       0x0800308b   Thumb Code   178  _printf_intcommon.o(.text)
    __lib_sel_fp_printf                      0x0800313d   Thumb Code     2  _printf_fp_dec.o(.text)
    _printf_fp_dec_real                      0x080032ef   Thumb Code   620  _printf_fp_dec.o(.text)
    _printf_cs_common                        0x0800355b   Thumb Code    20  _printf_char.o(.text)
    _printf_char                             0x0800356f   Thumb Code    16  _printf_char.o(.text)
    _printf_string                           0x0800357f   Thumb Code     8  _printf_char.o(.text)
    _printf_lcs_common                       0x08003587   Thumb Code    20  _printf_wchar.o(.text)
    _printf_wchar                            0x0800359b   Thumb Code    16  _printf_wchar.o(.text)
    _printf_wstring                          0x080035ab   Thumb Code     8  _printf_wchar.o(.text)
    _wcrtomb                                 0x080035b3   Thumb Code    64  _wcrtomb.o(.text)
    __user_setup_stackheap                   0x080035f3   Thumb Code    74  sys_stackheap_outer.o(.text)
    __rt_ctype_table                         0x0800363d   Thumb Code    16  rt_ctype_table.o(.text)
    __rt_locale                              0x0800364d   Thumb Code     8  rt_locale_intlibspace.o(.text)
    _printf_fp_infnan                        0x08003655   Thumb Code   112  _printf_fp_infnan.o(.text)
    _btod_etento                             0x080036d5   Thumb Code   224  bigflt0.o(.text)
    exit                                     0x080037b9   Thumb Code    18  exit.o(.text)
    __user_libspace                          0x080037cd   Thumb Code     8  libspace.o(.text)
    __user_perproc_libspace                  0x080037cd   Thumb Code     0  libspace.o(.text)
    __user_perthread_libspace                0x080037cd   Thumb Code     0  libspace.o(.text)
    strcmp                                   0x080037d5   Thumb Code   128  strcmpv7m.o(.text)
    _sys_exit                                0x08003855   Thumb Code     8  sys_exit.o(.text)
    __I$use$semihosting                      0x08003861   Thumb Code     0  use_no_semi.o(.text)
    __use_no_semihosting_swi                 0x08003861   Thumb Code     2  use_no_semi.o(.text)
    __semihosting_library_function           0x08003863   Thumb Code     0  indicate_semi.o(.text)
    _btod_d2e                                0x08003863   Thumb Code    62  btod.o(CL$$btod_d2e)
    _d2e_denorm_low                          0x080038a1   Thumb Code    70  btod.o(CL$$btod_d2e_denorm_low)
    _d2e_norm_op1                            0x080038e7   Thumb Code    96  btod.o(CL$$btod_d2e_norm_op1)
    __btod_div_common                        0x08003947   Thumb Code   696  btod.o(CL$$btod_div_common)
    _e2e                                     0x08003c7f   Thumb Code   220  btod.o(CL$$btod_e2e)
    _btod_ediv                               0x08003d5b   Thumb Code    42  btod.o(CL$$btod_ediv)
    _btod_emul                               0x08003d85   Thumb Code    42  btod.o(CL$$btod_emul)
    __btod_mult_common                       0x08003daf   Thumb Code   580  btod.o(CL$$btod_mult_common)
    __ARM_fpclassify                         0x08003ff3   Thumb Code    40  fpclassify.o(i.__ARM_fpclassify)
    _is_digit                                0x0800401b   Thumb Code    14  __printf_wp.o(i._is_digit)
    _get_lc_numeric                          0x08004029   Thumb Code    44  lc_numeric_c.o(locale$$code)
    _get_lc_ctype                            0x08004055   Thumb Code    44  lc_ctype_c.o(locale$$code)
    _printf_fp_dec                           0x08004081   Thumb Code     4  printf1.o(x$fpl$printf1)
    OLED_HZK_TBL                             0x08004084   Data         400  oled.o(.constdata)
    __I$use$fp                               0x08004084   Number         0  usenofp.o(x$fpl$usenofp)
    OLED_HZK_TBL0                            0x08004214   Data         832  oled.o(.constdata)
    asc2_1206                                0x08004554   Data        1140  oled.o(.constdata)
    asc2_1608                                0x080049c8   Data        1520  oled.o(.constdata)
    asc2_2412                                0x08004fb8   Data        3420  oled.o(.constdata)
    Region$$Table$$Base                      0x08005dec   Number         0  anon$$obj.o(Region$$Table)
    Region$$Table$$Limit                     0x08005e0c   Number         0  anon$$obj.o(Region$$Table)
    __ctype                                  0x08005e35   Data           0  lc_ctype_c.o(locale$$data)
    SystemCoreClock                          0x20000000   Data           4  system_stm32f10x.o(.data)
    AHBPrescTable                            0x20000004   Data          16  system_stm32f10x.o(.data)
    USART1_RX_STA                            0x20000016   Data           2  usart1.o(.data)
    OLED_GRAM                                0x20000030   Data        1024  oled.o(.bss)
    USART1_RX_BUF                            0x20000430   Data         600  usart1.o(.bss)
    USART1_TX_BUF                            0x20000688   Data         600  usart1.o(.bss)
    __libspace_start                         0x200008e0   Data          96  libspace.o(.bss)
    __temporary_stack_top$libspace           0x20000940   Data           0  libspace.o(.bss)



==============================================================================

Memory Map of the image

  Image Entry point : 0x08000131

  Load Region LR_IROM1 (Base: 0x08000000, Size: 0x00005f68, Max: 0x00080000, ABSOLUTE)

    Execution Region ER_IROM1 (Exec base: 0x08000000, Load base: 0x08000000, Size: 0x00005f38, Max: 0x00080000, ABSOLUTE)

    Exec Addr    Load Addr    Size         Type   Attr      Idx    E Section Name        Object

    0x08000000   0x08000000   0x00000130   Data   RO          393    RESET               startup_stm32f10x_hd.o
    0x08000130   0x08000130   0x00000008   Code   RO          492  * !!!main             c_w.l(__main.o)
    0x08000138   0x08000138   0x00000034   Code   RO          824    !!!scatter          c_w.l(__scatter.o)
    0x0800016c   0x0800016c   0x0000001a   Code   RO          826    !!handler_copy      c_w.l(__scatter_copy.o)
    0x08000186   0x08000186   0x00000002   PAD
    0x08000188   0x08000188   0x0000001c   Code   RO          828    !!handler_zi        c_w.l(__scatter_zi.o)
    0x080001a4   0x080001a4   0x00000000   Code   RO          590    .ARM.Collect$$_printf_percent$$00000000  c_w.l(_printf_percent.o)
    0x080001a4   0x080001a4   0x00000006   Code   RO          579    .ARM.Collect$$_printf_percent$$00000001  c_w.l(_printf_n.o)
    0x080001aa   0x080001aa   0x00000006   Code   RO          581    .ARM.Collect$$_printf_percent$$00000002  c_w.l(_printf_p.o)
    0x080001b0   0x080001b0   0x00000006   Code   RO          586    .ARM.Collect$$_printf_percent$$00000003  c_w.l(_printf_f.o)
    0x080001b6   0x080001b6   0x00000006   Code   RO          587    .ARM.Collect$$_printf_percent$$00000004  c_w.l(_printf_e.o)
    0x080001bc   0x080001bc   0x00000006   Code   RO          588    .ARM.Collect$$_printf_percent$$00000005  c_w.l(_printf_g.o)
    0x080001c2   0x080001c2   0x00000006   Code   RO          589    .ARM.Collect$$_printf_percent$$00000006  c_w.l(_printf_a.o)
    0x080001c8   0x080001c8   0x0000000a   Code   RO          594    .ARM.Collect$$_printf_percent$$00000007  c_w.l(_printf_ll.o)
    0x080001d2   0x080001d2   0x00000006   Code   RO          583    .ARM.Collect$$_printf_percent$$00000008  c_w.l(_printf_i.o)
    0x080001d8   0x080001d8   0x00000006   Code   RO          584    .ARM.Collect$$_printf_percent$$00000009  c_w.l(_printf_d.o)
    0x080001de   0x080001de   0x00000006   Code   RO          585    .ARM.Collect$$_printf_percent$$0000000A  c_w.l(_printf_u.o)
    0x080001e4   0x080001e4   0x00000006   Code   RO          582    .ARM.Collect$$_printf_percent$$0000000B  c_w.l(_printf_o.o)
    0x080001ea   0x080001ea   0x00000006   Code   RO          580    .ARM.Collect$$_printf_percent$$0000000C  c_w.l(_printf_x.o)
    0x080001f0   0x080001f0   0x00000006   Code   RO          591    .ARM.Collect$$_printf_percent$$0000000D  c_w.l(_printf_lli.o)
    0x080001f6   0x080001f6   0x00000006   Code   RO          592    .ARM.Collect$$_printf_percent$$0000000E  c_w.l(_printf_lld.o)
    0x080001fc   0x080001fc   0x00000006   Code   RO          593    .ARM.Collect$$_printf_percent$$0000000F  c_w.l(_printf_llu.o)
    0x08000202   0x08000202   0x00000006   Code   RO          598    .ARM.Collect$$_printf_percent$$00000010  c_w.l(_printf_llo.o)
    0x08000208   0x08000208   0x00000006   Code   RO          599    .ARM.Collect$$_printf_percent$$00000011  c_w.l(_printf_llx.o)
    0x0800020e   0x0800020e   0x0000000a   Code   RO          595    .ARM.Collect$$_printf_percent$$00000012  c_w.l(_printf_l.o)
    0x08000218   0x08000218   0x00000006   Code   RO          577    .ARM.Collect$$_printf_percent$$00000013  c_w.l(_printf_c.o)
    0x0800021e   0x0800021e   0x00000006   Code   RO          578    .ARM.Collect$$_printf_percent$$00000014  c_w.l(_printf_s.o)
    0x08000224   0x08000224   0x00000006   Code   RO          596    .ARM.Collect$$_printf_percent$$00000015  c_w.l(_printf_lc.o)
    0x0800022a   0x0800022a   0x00000006   Code   RO          597    .ARM.Collect$$_printf_percent$$00000016  c_w.l(_printf_ls.o)
    0x08000230   0x08000230   0x00000004   Code   RO          636    .ARM.Collect$$_printf_percent$$00000017  c_w.l(_printf_percent_end.o)
    0x08000234   0x08000234   0x00000002   Code   RO          685    .ARM.Collect$$libinit$$00000000  c_w.l(libinit.o)
    0x08000236   0x08000236   0x00000000   Code   RO          701    .ARM.Collect$$libinit$$00000002  c_w.l(libinit2.o)
    0x08000236   0x08000236   0x00000000   Code   RO          703    .ARM.Collect$$libinit$$00000004  c_w.l(libinit2.o)
    0x08000236   0x08000236   0x00000000   Code   RO          706    .ARM.Collect$$libinit$$0000000A  c_w.l(libinit2.o)
    0x08000236   0x08000236   0x00000000   Code   RO          708    .ARM.Collect$$libinit$$0000000C  c_w.l(libinit2.o)
    0x08000236   0x08000236   0x00000000   Code   RO          710    .ARM.Collect$$libinit$$0000000E  c_w.l(libinit2.o)
    0x08000236   0x08000236   0x00000006   Code   RO          711    .ARM.Collect$$libinit$$0000000F  c_w.l(libinit2.o)
    0x0800023c   0x0800023c   0x00000000   Code   RO          713    .ARM.Collect$$libinit$$00000011  c_w.l(libinit2.o)
    0x0800023c   0x0800023c   0x0000000c   Code   RO          714    .ARM.Collect$$libinit$$00000012  c_w.l(libinit2.o)
    0x08000248   0x08000248   0x00000000   Code   RO          715    .ARM.Collect$$libinit$$00000013  c_w.l(libinit2.o)
    0x08000248   0x08000248   0x00000000   Code   RO          717    .ARM.Collect$$libinit$$00000015  c_w.l(libinit2.o)
    0x08000248   0x08000248   0x0000000a   Code   RO          718    .ARM.Collect$$libinit$$00000016  c_w.l(libinit2.o)
    0x08000252   0x08000252   0x00000000   Code   RO          719    .ARM.Collect$$libinit$$00000017  c_w.l(libinit2.o)
    0x08000252   0x08000252   0x00000000   Code   RO          721    .ARM.Collect$$libinit$$00000019  c_w.l(libinit2.o)
    0x08000252   0x08000252   0x00000000   Code   RO          723    .ARM.Collect$$libinit$$0000001B  c_w.l(libinit2.o)
    0x08000252   0x08000252   0x00000000   Code   RO          725    .ARM.Collect$$libinit$$0000001D  c_w.l(libinit2.o)
    0x08000252   0x08000252   0x00000000   Code   RO          727    .ARM.Collect$$libinit$$0000001F  c_w.l(libinit2.o)
    0x08000252   0x08000252   0x00000000   Code   RO          729    .ARM.Collect$$libinit$$00000021  c_w.l(libinit2.o)
    0x08000252   0x08000252   0x00000000   Code   RO          731    .ARM.Collect$$libinit$$00000023  c_w.l(libinit2.o)
    0x08000252   0x08000252   0x00000000   Code   RO          733    .ARM.Collect$$libinit$$00000025  c_w.l(libinit2.o)
    0x08000252   0x08000252   0x00000000   Code   RO          737    .ARM.Collect$$libinit$$0000002C  c_w.l(libinit2.o)
    0x08000252   0x08000252   0x00000000   Code   RO          739    .ARM.Collect$$libinit$$0000002E  c_w.l(libinit2.o)
    0x08000252   0x08000252   0x00000000   Code   RO          741    .ARM.Collect$$libinit$$00000030  c_w.l(libinit2.o)
    0x08000252   0x08000252   0x00000000   Code   RO          743    .ARM.Collect$$libinit$$00000032  c_w.l(libinit2.o)
    0x08000252   0x08000252   0x00000002   Code   RO          744    .ARM.Collect$$libinit$$00000033  c_w.l(libinit2.o)
    0x08000254   0x08000254   0x00000002   Code   RO          764    .ARM.Collect$$libshutdown$$00000000  c_w.l(libshutdown.o)
    0x08000256   0x08000256   0x00000000   Code   RO          777    .ARM.Collect$$libshutdown$$00000002  c_w.l(libshutdown2.o)
    0x08000256   0x08000256   0x00000000   Code   RO          779    .ARM.Collect$$libshutdown$$00000004  c_w.l(libshutdown2.o)
    0x08000256   0x08000256   0x00000000   Code   RO          782    .ARM.Collect$$libshutdown$$00000007  c_w.l(libshutdown2.o)
    0x08000256   0x08000256   0x00000000   Code   RO          785    .ARM.Collect$$libshutdown$$0000000A  c_w.l(libshutdown2.o)
    0x08000256   0x08000256   0x00000000   Code   RO          787    .ARM.Collect$$libshutdown$$0000000C  c_w.l(libshutdown2.o)
    0x08000256   0x08000256   0x00000000   Code   RO          790    .ARM.Collect$$libshutdown$$0000000F  c_w.l(libshutdown2.o)
    0x08000256   0x08000256   0x00000002   Code   RO          791    .ARM.Collect$$libshutdown$$00000010  c_w.l(libshutdown2.o)
    0x08000258   0x08000258   0x00000000   Code   RO          508    .ARM.Collect$$rtentry$$00000000  c_w.l(__rtentry.o)
    0x08000258   0x08000258   0x00000000   Code   RO          610    .ARM.Collect$$rtentry$$00000002  c_w.l(__rtentry2.o)
    0x08000258   0x08000258   0x00000006   Code   RO          622    .ARM.Collect$$rtentry$$00000004  c_w.l(__rtentry4.o)
    0x0800025e   0x0800025e   0x00000000   Code   RO          612    .ARM.Collect$$rtentry$$00000009  c_w.l(__rtentry2.o)
    0x0800025e   0x0800025e   0x00000004   Code   RO          613    .ARM.Collect$$rtentry$$0000000A  c_w.l(__rtentry2.o)
    0x08000262   0x08000262   0x00000000   Code   RO          615    .ARM.Collect$$rtentry$$0000000C  c_w.l(__rtentry2.o)
    0x08000262   0x08000262   0x00000008   Code   RO          616    .ARM.Collect$$rtentry$$0000000D  c_w.l(__rtentry2.o)
    0x0800026a   0x0800026a   0x00000002   Code   RO          693    .ARM.Collect$$rtexit$$00000000  c_w.l(rtexit.o)
    0x0800026c   0x0800026c   0x00000000   Code   RO          746    .ARM.Collect$$rtexit$$00000002  c_w.l(rtexit2.o)
    0x0800026c   0x0800026c   0x00000004   Code   RO          747    .ARM.Collect$$rtexit$$00000003  c_w.l(rtexit2.o)
    0x08000270   0x08000270   0x00000006   Code   RO          748    .ARM.Collect$$rtexit$$00000004  c_w.l(rtexit2.o)
    0x08000276   0x08000276   0x00000002   PAD
    0x08000278   0x08000278   0x000000ec   Code   RO            1    .text               main.o
    0x08000364   0x08000364   0x0000001a   Code   RO          127    .text               stm32f10x_it.o
    0x0800037e   0x0800037e   0x00000002   PAD
    0x08000380   0x08000380   0x000001e0   Code   RO          168    .text               system_stm32f10x.o
    0x08000560   0x08000560   0x0000004c   Code   RO          186    .text               led.o
    0x080005ac   0x080005ac   0x000000f4   Code   RO          198    .text               key.o
    0x080006a0   0x080006a0   0x00000678   Code   RO          211    .text               oled.o
    0x08000d18   0x08000d18   0x0000008c   Code   RO          233    .text               timer.o
    0x08000da4   0x08000da4   0x0000017c   Code   RO          306    .text               usart1.o
    0x08000f20   0x08000f20   0x000000d4   Code   RO          350    .text               delay.o
    0x08000ff4   0x08000ff4   0x00000040   Code   RO          394    .text               startup_stm32f10x_hd.o
    0x08001034   0x08001034   0x000000dc   Code   RO          398    .text               misc.o
    0x08001110   0x08001110   0x0000035c   Code   RO          410    .text               stm32f10x_gpio.o
    0x0800146c   0x0800146c   0x000003a4   Code   RO          422    .text               stm32f10x_rcc.o
    0x08001810   0x08001810   0x00000408   Code   RO          436    .text               stm32f10x_usart.o
    0x08001c18   0x08001c18   0x00000e1a   Code   RO          448    .text               stm32f10x_tim.o
    0x08002a32   0x08002a32   0x00000002   PAD
    0x08002a34   0x08002a34   0x00000024   Code   RO          486    .text               c_w.l(c89vsprintf.o)
    0x08002a58   0x08002a58   0x0000003e   Code   RO          488    .text               c_w.l(strlen.o)
    0x08002a96   0x08002a96   0x00000006   Code   RO          490    .text               c_w.l(heapauxi.o)
    0x08002a9c   0x08002a9c   0x0000004e   Code   RO          511    .text               c_w.l(_printf_pad.o)
    0x08002aea   0x08002aea   0x00000024   Code   RO          513    .text               c_w.l(_printf_truncate.o)
    0x08002b0e   0x08002b0e   0x00000052   Code   RO          515    .text               c_w.l(_printf_str.o)
    0x08002b60   0x08002b60   0x00000078   Code   RO          517    .text               c_w.l(_printf_dec.o)
    0x08002bd8   0x08002bd8   0x00000028   Code   RO          519    .text               c_w.l(_printf_charcount.o)
    0x08002c00   0x08002c00   0x00000030   Code   RO          521    .text               c_w.l(_printf_char_common.o)
    0x08002c30   0x08002c30   0x0000000a   Code   RO          523    .text               c_w.l(_sputc.o)
    0x08002c3a   0x08002c3a   0x00000002   PAD
    0x08002c3c   0x08002c3c   0x000000bc   Code   RO          525    .text               c_w.l(_printf_wctomb.o)
    0x08002cf8   0x08002cf8   0x0000007c   Code   RO          528    .text               c_w.l(_printf_longlong_dec.o)
    0x08002d74   0x08002d74   0x00000070   Code   RO          534    .text               c_w.l(_printf_oct_int_ll.o)
    0x08002de4   0x08002de4   0x00000094   Code   RO          554    .text               c_w.l(_printf_hex_int_ll_ptr.o)
    0x08002e78   0x08002e78   0x00000188   Code   RO          574    .text               c_w.l(__printf_flags_ss_wp.o)
    0x08003000   0x08003000   0x0000008a   Code   RO          624    .text               c_w.l(lludiv10.o)
    0x0800308a   0x0800308a   0x000000b2   Code   RO          626    .text               c_w.l(_printf_intcommon.o)
    0x0800313c   0x0800313c   0x0000041e   Code   RO          628    .text               c_w.l(_printf_fp_dec.o)
    0x0800355a   0x0800355a   0x0000002c   Code   RO          632    .text               c_w.l(_printf_char.o)
    0x08003586   0x08003586   0x0000002c   Code   RO          634    .text               c_w.l(_printf_wchar.o)
    0x080035b2   0x080035b2   0x00000040   Code   RO          637    .text               c_w.l(_wcrtomb.o)
    0x080035f2   0x080035f2   0x0000004a   Code   RO          639    .text               c_w.l(sys_stackheap_outer.o)
    0x0800363c   0x0800363c   0x00000010   Code   RO          641    .text               c_w.l(rt_ctype_table.o)
    0x0800364c   0x0800364c   0x00000008   Code   RO          646    .text               c_w.l(rt_locale_intlibspace.o)
    0x08003654   0x08003654   0x00000080   Code   RO          648    .text               c_w.l(_printf_fp_infnan.o)
    0x080036d4   0x080036d4   0x000000e4   Code   RO          650    .text               c_w.l(bigflt0.o)
    0x080037b8   0x080037b8   0x00000012   Code   RO          678    .text               c_w.l(exit.o)
    0x080037ca   0x080037ca   0x00000002   PAD
    0x080037cc   0x080037cc   0x00000008   Code   RO          690    .text               c_w.l(libspace.o)
    0x080037d4   0x080037d4   0x00000080   Code   RO          698    .text               c_w.l(strcmpv7m.o)
    0x08003854   0x08003854   0x0000000c   Code   RO          756    .text               c_w.l(sys_exit.o)
    0x08003860   0x08003860   0x00000002   Code   RO          767    .text               c_w.l(use_no_semi.o)
    0x08003862   0x08003862   0x00000000   Code   RO          769    .text               c_w.l(indicate_semi.o)
    0x08003862   0x08003862   0x0000003e   Code   RO          653    CL$$btod_d2e        c_w.l(btod.o)
    0x080038a0   0x080038a0   0x00000046   Code   RO          655    CL$$btod_d2e_denorm_low  c_w.l(btod.o)
    0x080038e6   0x080038e6   0x00000060   Code   RO          654    CL$$btod_d2e_norm_op1  c_w.l(btod.o)
    0x08003946   0x08003946   0x00000338   Code   RO          663    CL$$btod_div_common  c_w.l(btod.o)
    0x08003c7e   0x08003c7e   0x000000dc   Code   RO          660    CL$$btod_e2e        c_w.l(btod.o)
    0x08003d5a   0x08003d5a   0x0000002a   Code   RO          657    CL$$btod_ediv       c_w.l(btod.o)
    0x08003d84   0x08003d84   0x0000002a   Code   RO          656    CL$$btod_emul       c_w.l(btod.o)
    0x08003dae   0x08003dae   0x00000244   Code   RO          662    CL$$btod_mult_common  c_w.l(btod.o)
    0x08003ff2   0x08003ff2   0x00000028   Code   RO          688    i.__ARM_fpclassify  m_ws.l(fpclassify.o)
    0x0800401a   0x0800401a   0x0000000e   Code   RO          567    i._is_digit         c_w.l(__printf_wp.o)
    0x08004028   0x08004028   0x0000002c   Code   RO          676    locale$$code        c_w.l(lc_numeric_c.o)
    0x08004054   0x08004054   0x0000002c   Code   RO          696    locale$$code        c_w.l(lc_ctype_c.o)
    0x08004080   0x08004080   0x00000004   Code   RO          606    x$fpl$printf1       fz_ws.l(printf1.o)
    0x08004084   0x08004084   0x00000000   Code   RO          608    x$fpl$usenofp       fz_ws.l(usenofp.o)
    0x08004084   0x08004084   0x00001c90   Data   RO          213    .constdata          oled.o
    0x08005d14   0x08005d14   0x00000008   Data   RO          526    .constdata          c_w.l(_printf_wctomb.o)
    0x08005d1c   0x08005d1c   0x00000028   Data   RO          555    .constdata          c_w.l(_printf_hex_int_ll_ptr.o)
    0x08005d44   0x08005d44   0x00000011   Data   RO          575    .constdata          c_w.l(__printf_flags_ss_wp.o)
    0x08005d55   0x08005d55   0x00000003   PAD
    0x08005d58   0x08005d58   0x00000094   Data   RO          651    .constdata          c_w.l(bigflt0.o)
    0x08005dec   0x08005dec   0x00000020   Data   RO          822    Region$$Table       anon$$obj.o
    0x08005e0c   0x08005e0c   0x0000001c   Data   RO          675    locale$$data        c_w.l(lc_numeric_c.o)
    0x08005e28   0x08005e28   0x00000110   Data   RO          695    locale$$data        c_w.l(lc_ctype_c.o)


    Execution Region RW_IRAM1 (Exec base: 0x20000000, Load base: 0x08005f38, Size: 0x00000f40, Max: 0x00010000, ABSOLUTE)

    Exec Addr    Load Addr    Size         Type   Attr      Idx    E Section Name        Object

    0x20000000   0x08005f38   0x00000014   Data   RW          169    .data               system_stm32f10x.o
    0x20000014   0x08005f4c   0x00000001   Data   RW          199    .data               key.o
    0x20000015   0x08005f4d   0x00000001   PAD
    0x20000016   0x08005f4e   0x00000002   Data   RW          308    .data               usart1.o
    0x20000018   0x08005f50   0x00000004   Data   RW          351    .data               delay.o
    0x2000001c   0x08005f54   0x00000014   Data   RW          423    .data               stm32f10x_rcc.o
    0x20000030        -       0x00000400   Zero   RW          212    .bss                oled.o
    0x20000430        -       0x000004b0   Zero   RW          307    .bss                usart1.o
    0x200008e0        -       0x00000060   Zero   RW          691    .bss                c_w.l(libspace.o)
    0x20000940        -       0x00000200   Zero   RW          392    HEAP                startup_stm32f10x_hd.o
    0x20000b40        -       0x00000400   Zero   RW          391    STACK               startup_stm32f10x_hd.o


==============================================================================

Image component sizes


      Code (inc. data)   RO Data    RW Data    ZI Data      Debug   Object Name

       212         18          0          4          0       1043   delay.o
       244         10          0          1          0        832   key.o
        76          6          0          0          0        495   led.o
       236         34          0          0          0     253347   main.o
       220         22          0          0          0       1801   misc.o
      1656         40       7312          0       1024       6493   oled.o
        64         26        304          0       1536        788   startup_stm32f10x_hd.o
       860         38          0          0          0       5733   stm32f10x_gpio.o
        26          0          0          0          0       1182   stm32f10x_it.o
       932         36          0         20          0       8912   stm32f10x_rcc.o
      3610         88          0          0          0      22840   stm32f10x_tim.o
      1032         22          0          0          0       8460   stm32f10x_usart.o
         0          0          0          0          0         32   sys.o
       480         38          0         20          0       1743   system_stm32f10x.o
       140          8          0          0          0        792   timer.o
       380         24          0          2       1200       2570   usart1.o

    ----------------------------------------------------------------------
     10172        410       7648         48       3760     317063   Object Totals
         0          0         32          0          0          0   (incl. Generated)
         4          0          0          1          0          0   (incl. Padding)

    ----------------------------------------------------------------------

      Code (inc. data)   RO Data    RW Data    ZI Data      Debug   Library Member Name

         8          0          0          0          0         68   __main.o
       392          4         17          0          0         92   __printf_flags_ss_wp.o
        14          0          0          0          0         68   __printf_wp.o
         0          0          0          0          0          0   __rtentry.o
        12          0          0          0          0          0   __rtentry2.o
         6          0          0          0          0          0   __rtentry4.o
        52          8          0          0          0          0   __scatter.o
        26          0          0          0          0          0   __scatter_copy.o
        28          0          0          0          0          0   __scatter_zi.o
         6          0          0          0          0          0   _printf_a.o
         6          0          0          0          0          0   _printf_c.o
        44          0          0          0          0        108   _printf_char.o
        48          6          0          0          0         96   _printf_char_common.o
        40          0          0          0          0         68   _printf_charcount.o
         6          0          0          0          0          0   _printf_d.o
       120         16          0          0          0         92   _printf_dec.o
         6          0          0          0          0          0   _printf_e.o
         6          0          0          0          0          0   _printf_f.o
      1054          0          0          0          0        216   _printf_fp_dec.o
       128         16          0          0          0         84   _printf_fp_infnan.o
         6          0          0          0          0          0   _printf_g.o
       148          4         40          0          0        160   _printf_hex_int_ll_ptr.o
         6          0          0          0          0          0   _printf_i.o
       178          0          0          0          0         88   _printf_intcommon.o
        10          0          0          0          0          0   _printf_l.o
         6          0          0          0          0          0   _printf_lc.o
        10          0          0          0          0          0   _printf_ll.o
         6          0          0          0          0          0   _printf_lld.o
         6          0          0          0          0          0   _printf_lli.o
         6          0          0          0          0          0   _printf_llo.o
         6          0          0          0          0          0   _printf_llu.o
         6          0          0          0          0          0   _printf_llx.o
       124         16          0          0          0         92   _printf_longlong_dec.o
         6          0          0          0          0          0   _printf_ls.o
         6          0          0          0          0          0   _printf_n.o
         6          0          0          0          0          0   _printf_o.o
       112         10          0          0          0        124   _printf_oct_int_ll.o
         6          0          0          0          0          0   _printf_p.o
        78          0          0          0          0        108   _printf_pad.o
         0          0          0          0          0          0   _printf_percent.o
         4          0          0          0          0          0   _printf_percent_end.o
         6          0          0          0          0          0   _printf_s.o
        82          0          0          0          0         80   _printf_str.o
        36          0          0          0          0         84   _printf_truncate.o
         6          0          0          0          0          0   _printf_u.o
        44          0          0          0          0        108   _printf_wchar.o
       188          6          8          0          0         92   _printf_wctomb.o
         6          0          0          0          0          0   _printf_x.o
        10          0          0          0          0         68   _sputc.o
        64          0          0          0          0         92   _wcrtomb.o
       228          4        148          0          0         96   bigflt0.o
      1936        128          0          0          0        672   btod.o
        36          4          0          0          0         76   c89vsprintf.o
        18          0          0          0          0         80   exit.o
         6          0          0          0          0        152   heapauxi.o
         0          0          0          0          0          0   indicate_semi.o
        44         10        272          0          0         76   lc_ctype_c.o
        44         10         28          0          0         76   lc_numeric_c.o
         2          0          0          0          0          0   libinit.o
        30          0          0          0          0          0   libinit2.o
         2          0          0          0          0          0   libshutdown.o
         2          0          0          0          0          0   libshutdown2.o
         8          4          0          0         96         68   libspace.o
       138          0          0          0          0         80   lludiv10.o
        16          4          0          0          0         76   rt_ctype_table.o
         8          4          0          0          0         68   rt_locale_intlibspace.o
         2          0          0          0          0          0   rtexit.o
        10          0          0          0          0          0   rtexit2.o
       128          0          0          0          0         68   strcmpv7m.o
        62          0          0          0          0         76   strlen.o
        12          4          0          0          0         68   sys_exit.o
        74          0          0          0          0         80   sys_stackheap_outer.o
         2          0          0          0          0         68   use_no_semi.o
         4          0          0          0          0         68   printf1.o
         0          0          0          0          0          0   usenofp.o
        40          0          0          0          0         68   fpclassify.o

    ----------------------------------------------------------------------
      6040        258        516          0         96       4004   Library Totals
         8          0          3          0          0          0   (incl. Padding)

    ----------------------------------------------------------------------

      Code (inc. data)   RO Data    RW Data    ZI Data      Debug   Library Name

      5988        258        513          0         96       3868   c_w.l
         4          0          0          0          0         68   fz_ws.l
        40          0          0          0          0         68   m_ws.l

    ----------------------------------------------------------------------
      6040        258        516          0         96       4004   Library Totals

    ----------------------------------------------------------------------

==============================================================================


      Code (inc. data)   RO Data    RW Data    ZI Data      Debug   

     16212        668       8164         48       3856     317891   Grand Totals
     16212        668       8164         48       3856     317891   ELF Image Totals
     16212        668       8164         48          0          0   ROM Totals

==============================================================================

    Total RO  Size (Code + RO Data)                24376 (  23.80kB)
    Total RW  Size (RW Data + ZI Data)              3904 (   3.81kB)
    Total ROM Size (Code + RO Data + RW Data)      24424 (  23.85kB)

==============================================================================

